******************************************************************************
                  TI ARM Linker Unix v20.2.2                   
******************************************************************************
>> Linked Wed Feb 24 14:36:36 2021

OUTPUT FILE NAME:   <uart_echo.out>
ENTRY POINT SYMBOL: "_c_int00_noargs"  address: 00001311


MEMORY CONFIGURATION

         name            origin    length      used     unused   attr    fill
----------------------  --------  ---------  --------  --------  ----  --------
  FLASH                 00000000   00040000  00001630  0003e9d0  R  X
  SRAM                  20000000   00008000  00000173  00007e8d  RW X


SEGMENT ALLOCATION MAP

run origin  load origin   length   init length attrs members
----------  ----------- ---------- ----------- ----- -------
00000000    00000000    00001630   00001630    r-x
  00000000    00000000    0000026c   0000026c    r-- .intvecs
  0000026c    0000026c    0000123c   0000123c    r-x .text
  000014a8    000014a8    00000148   00000148    r-- .const
  000015f0    000015f0    00000040   00000040    r-- .cinit
20000000    20000000    00000173   00000000    rw-
  20000000    20000000    00000100   00000000    rw- .stack
  20000100    20000100    0000003c   00000000    rw- .bss
  2000013c    2000013c    00000037   00000000    rw- .data


SECTION ALLOCATION MAP

 output                                  attributes/
section   page    origin      length       input sections
--------  ----  ----------  ----------   ----------------
.intvecs   0    00000000    0000026c     
                  00000000    0000026c     startup_ccs.obj (.intvecs)

.text      0    0000026c    0000123c     
                  0000026c    000002d0     uart_echo.obj (.text:main)
                  0000053c    000001ee     uart_echo.obj (.text:UARTvprintf)
                  0000072a    00000002     startup_ccs.obj (.text:FaultISR)
                  0000072c    0000016c     driverlib.lib : gpio.obj (.text:GPIOPadConfigSet)
                  00000898    00000130                   : can.obj (.text:CANMessageSet)
                  000009c8    00000118                   : sysctl.obj (.text:SysCtlClockGet)
                  00000ae0    00000116                   : can.obj (.text:CANMessageGet)
                  00000bf6    00000002     startup_ccs.obj (.text:IntDefaultHandler)
                  00000bf8    000000f4     driverlib.lib : sysctl.obj (.text:SysCtlClockSet)
                  00000cec    000000ea     uart_echo.obj (.text:PrintCANMessageInfo)
                  00000dd6    00000002     startup_ccs.obj (.text:NmiSR)
                  00000dd8    000000e4     uart_echo.obj (.text:CANIntHandler)
                  00000ebc    0000009c     rtsv7M4_T_le_v4SPD16_eabi.lib : memcpy_t2.asm.obj (.text)
                  00000f58    0000006c     driverlib.lib : can.obj (.text:CANBitRateSet)
                  00000fc4    00000068                   : interrupt.obj (.text:IntEnable)
                  0000102c    00000068     rtsv7M4_T_le_v4SPD16_eabi.lib : copy_decompress_lzss.c.obj (.text:decompress:lzss:__TI_decompress_lzss)
                  00001094    00000060     uart_echo.obj (.text:UARTStdioConfig)
                  000010f4    00000050     uart_echo.obj (.text:UARTwrite)
                  00001144    0000004c     driverlib.lib : gpio.obj (.text:GPIOPinConfigure)
                  00001190    0000004c     uart_echo.obj (.text:InitConsole)
                  000011dc    00000044     rtsv7M4_T_le_v4SPD16_eabi.lib : autoinit.c.obj (.text:__TI_auto_init_nobinit_nopinit:__TI_auto_init_nobinit_nopinit)
                  00001220    00000040     driverlib.lib : can.obj (.text:CANStatusGet)
                  00001260    00000040     rtsv7M4_T_le_v4SPD16_eabi.lib : u_divt2.asm.obj (.text)
                  000012a0    0000003a     driverlib.lib : can.obj (.text:CANInit)
                  000012da    00000002     rtsv7M4_T_le_v4SPD16_eabi.lib : div0.asm.obj (.text)
                  000012dc    00000034     driverlib.lib : sysctl.obj (.text:SysCtlPeripheralEnable)
                  00001310    00000034     rtsv7M4_T_le_v4SPD16_eabi.lib : boot_cortex_m.c.obj (.text:_c_int00_noargs:_c_int00_noargs)
                  00001344    0000002c     driverlib.lib : gpio.obj (.text:GPIODirModeSet)
                  00001370    0000002a                   : can.obj (.text:_CANDataRegRead)
                  0000139a    00000024                   : can.obj (.text:_CANDataRegWrite)
                  000013be    00000022                   : can.obj (.text:CANIntClear)
                  000013e0    00000020                   : can.obj (.text:CANIntStatus)
                  00001400    0000001c     rtsv7M4_T_le_v4SPD16_eabi.lib : copy_zero_init.c.obj (.text:decompress:ZI:__TI_zero_init_nomemset:__TI_zero_init_nomemset)
                  0000141c    0000001a     uart_echo.obj (.text:UARTprintf)
                  00001436    00000016     driverlib.lib : gpio.obj (.text:GPIOPinTypeCAN)
                  0000144c    00000016                   : gpio.obj (.text:GPIOPinTypeUART)
                  00001462    0000000e     rtsv7M4_T_le_v4SPD16_eabi.lib : copy_decompress_none.c.obj (.text:decompress:none:__TI_decompress_none)
                  00001470    0000000c     uart_echo.obj (.text:SimpleDelay)
                  0000147c    0000000a     driverlib.lib : can.obj (.text:CANEnable)
                  00001486    00000008                   : can.obj (.text:CANIntEnable)
                  0000148e    00000006     startup_ccs.obj (.text:ResetISR)
                  00001494    00000006     driverlib.lib : sysctl.obj (.text:SysCtlDelay)
                  0000149a    00000006                   : uart.obj (.text:UARTClockSourceSet)
                  000014a0    00000004     rtsv7M4_T_le_v4SPD16_eabi.lib : pre_init.c.obj (.text:_system_pre_init)
                  000014a4    00000004                                   : exit.c.obj (.text:abort:abort)

.const     0    000014a8    00000148     
                  000014a8    00000090     driverlib.lib : gpio.obj (.const:g_pui32GPIOBaseAddrs)
                  00001538    0000006c                   : sysctl.obj (.const:g_pui32Xtals)
                  000015a4    00000020                   : can.obj (.const:g_ui16CANBitValues)
                  000015c4    00000014                   : interrupt.obj (.const:g_pui32EnRegs)
                  000015d8    0000000c     uart_echo.obj (.const:g_ui32UARTBase)
                  000015e4    0000000c     uart_echo.obj (.const:g_ui32UARTPeriph)

.cinit     0    000015f0    00000040     
                  000015f0    0000001b     (.cinit..data.load) [load image, compression = lzss]
                  0000160b    00000001     --HOLE-- [fill = 0]
                  0000160c    0000000c     (__TI_handler_table)
                  00001618    00000008     (.cinit..bss.load) [load image, compression = zero_init]
                  00001620    00000010     (__TI_cinit_table)

.init_array 
*          0    00000000    00000000     UNINITIALIZED

.bss       0    20000100    0000003c     UNINITIALIZED
                  20000100    00000014     (.common:g_sCANMsgObject1)
                  20000114    00000014     (.common:g_sCANMsgObject2)
                  20000128    00000014     (.common:g_sCANMsgObject3)

.data      0    2000013c    00000037     UNINITIALIZED
                  2000013c    00000020     uart_echo.obj (.data)
                  2000015c    00000008     uart_echo.obj (.data:g_pui8Msg4)
                  20000164    00000006     uart_echo.obj (.data:g_pui8Msg3)
                  2000016a    00000005     uart_echo.obj (.data:g_pui8Msg2)
                  2000016f    00000004     uart_echo.obj (.data:g_pui8Msg1)

.stack     0    20000000    00000100     UNINITIALIZED
                  20000000    00000004     rtsv7M4_T_le_v4SPD16_eabi.lib : boot_cortex_m.c.obj (.stack)
                  20000004    000000fc     --HOLE--

__llvm_prf_cnts 
*          0    20000000    00000000     UNINITIALIZED

.binit     0    00000000    00000000     

MODULE SUMMARY

       Module                       code   ro data   rw data
       ------                       ----   -------   -------
    ./
       uart_echo.obj                1966   24        115    
       startup_ccs.obj              12     620       0      
    +--+----------------------------+------+---------+---------+
       Total:                       1978   644       115    
                                                            
    /home/paduc/Clone/tivaC/TivaWare/driverlib/ccs/Debug/driverlib.lib
       can.obj                      974    32        0      
       sysctl.obj                   582    108       0      
       gpio.obj                     528    144       0      
       interrupt.obj                104    20        0      
       uart.obj                     6      0         0      
    +--+----------------------------+------+---------+---------+
       Total:                       2194   304       0      
                                                            
    /home/paduc/ti/ccs1020/ccs/tools/compiler/ti-cgt-arm_20.2.2.LTS/lib/rtsv7M4_T_le_v4SPD16_eabi.lib
       memcpy_t2.asm.obj            156    0         0      
       copy_decompress_lzss.c.obj   104    0         0      
       autoinit.c.obj               68     0         0      
       u_divt2.asm.obj              64     0         0      
       boot_cortex_m.c.obj          52     0         0      
       copy_zero_init.c.obj         28     0         0      
       copy_decompress_none.c.obj   14     0         0      
       exit.c.obj                   4      0         0      
       pre_init.c.obj               4      0         0      
       div0.asm.obj                 2      0         0      
    +--+----------------------------+------+---------+---------+
       Total:                       496    0         0      
                                                            
       Stack:                       0      0         256    
       Linker Generated:            0      63        0      
    +--+----------------------------+------+---------+---------+
       Grand Total:                 4668   1011      371    


LINKER GENERATED COPY TABLES

__TI_cinit_table @ 00001620 records: 2, size/record: 8, table size: 16
	.data: load addr=000015f0, load size=0000001b bytes, run addr=2000013c, run size=00000037 bytes, compression=lzss
	.bss: load addr=00001618, load size=00000008 bytes, run addr=20000100, run size=0000003c bytes, compression=zero_init


LINKER GENERATED HANDLER TABLE

__TI_handler_table @ 0000160c records: 3, size/record: 4, table size: 12
	index: 0, handler: __TI_decompress_lzss
	index: 1, handler: __TI_decompress_none
	index: 2, handler: __TI_zero_init


GLOBAL SYMBOLS: SORTED ALPHABETICALLY BY Name 

address   name                          
-------   ----                          
000014a5  C$$EXIT                       
00000f59  CANBitRateSet                 
0000147d  CANEnable                     
000012a1  CANInit                       
000013bf  CANIntClear                   
00001487  CANIntEnable                  
00000dd9  CANIntHandler                 
000013e1  CANIntStatus                  
00000ae1  CANMessageGet                 
00000899  CANMessageSet                 
00001221  CANStatusGet                  
00001345  GPIODirModeSet                
0000072d  GPIOPadConfigSet              
00001145  GPIOPinConfigure              
00001437  GPIOPinTypeCAN                
0000144d  GPIOPinTypeUART               
00001191  InitConsole                   
00000fc5  IntEnable                     
00000ced  PrintCANMessageInfo           
0000148f  ResetISR                      
00001471  SimpleDelay                   
000009c9  SysCtlClockGet                
00000bf9  SysCtlClockSet                
00001495  SysCtlDelay                   
000012dd  SysCtlPeripheralEnable        
0000149b  UARTClockSourceSet            
00001095  UARTStdioConfig               
0000141d  UARTprintf                    
0000053d  UARTvprintf                   
000010f5  UARTwrite                     
20000100  __STACK_END                   
00000100  __STACK_SIZE                  
20000100  __STACK_TOP                   
00001620  __TI_CINIT_Base               
00001630  __TI_CINIT_Limit              
0000160c  __TI_Handler_Table_Base       
00001618  __TI_Handler_Table_Limit      
000011dd  __TI_auto_init_nobinit_nopinit
0000102d  __TI_decompress_lzss          
00001463  __TI_decompress_none          
ffffffff  __TI_pprof_out_hndl           
ffffffff  __TI_prof_data_size           
ffffffff  __TI_prof_data_start          
00000000  __TI_static_base__            
00001401  __TI_zero_init_nomemset       
000012db  __aeabi_idiv0                 
000012db  __aeabi_ldiv0                 
00000ebd  __aeabi_memcpy                
00000ebd  __aeabi_memcpy4               
00000ebd  __aeabi_memcpy8               
00001261  __aeabi_uidiv                 
00001261  __aeabi_uidivmod              
ffffffff  __binit__                     
ffffffff  __c_args__                    
UNDEFED   __mpu_init                    
20000000  __stack                       
20000000  __start___llvm_prf_cnts       
20000000  __stop___llvm_prf_cnts        
00001311  _c_int00_noargs               
UNDEFED   _system_post_cinit            
000014a1  _system_pre_init              
000014a5  abort                         
ffffffff  binit                         
20000151  g_bErrFlag                    
20000150  g_bMsgObj3Sent                
20000158  g_bRXFlag1                    
20000159  g_bRXFlag2                    
2000015a  g_bRXFlag3                    
00000000  g_pfnVectors                  
2000016f  g_pui8Msg1                    
2000016a  g_pui8Msg2                    
20000164  g_pui8Msg3                    
2000015c  g_pui8Msg4                    
20000100  g_sCANMsgObject1              
20000114  g_sCANMsgObject2              
20000128  g_sCANMsgObject3              
20000140  g_ui32IntCount                
20000144  g_ui32Msg1Count               
20000148  g_ui32Msg2Count               
2000014c  g_ui32Msg3Count               
20000154  g_ui32MsgRecvCount            
0000026d  main                          
00000ebd  memcpy                        


GLOBAL SYMBOLS: SORTED BY Symbol Address 

address   name                          
-------   ----                          
00000000  __TI_static_base__            
00000000  g_pfnVectors                  
00000100  __STACK_SIZE                  
0000026d  main                          
0000053d  UARTvprintf                   
0000072d  GPIOPadConfigSet              
00000899  CANMessageSet                 
000009c9  SysCtlClockGet                
00000ae1  CANMessageGet                 
00000bf9  SysCtlClockSet                
00000ced  PrintCANMessageInfo           
00000dd9  CANIntHandler                 
00000ebd  __aeabi_memcpy                
00000ebd  __aeabi_memcpy4               
00000ebd  __aeabi_memcpy8               
00000ebd  memcpy                        
00000f59  CANBitRateSet                 
00000fc5  IntEnable                     
0000102d  __TI_decompress_lzss          
00001095  UARTStdioConfig               
000010f5  UARTwrite                     
00001145  GPIOPinConfigure              
00001191  InitConsole                   
000011dd  __TI_auto_init_nobinit_nopinit
00001221  CANStatusGet                  
00001261  __aeabi_uidiv                 
00001261  __aeabi_uidivmod              
000012a1  CANInit                       
000012db  __aeabi_idiv0                 
000012db  __aeabi_ldiv0                 
000012dd  SysCtlPeripheralEnable        
00001311  _c_int00_noargs               
00001345  GPIODirModeSet                
000013bf  CANIntClear                   
000013e1  CANIntStatus                  
00001401  __TI_zero_init_nomemset       
0000141d  UARTprintf                    
00001437  GPIOPinTypeCAN                
0000144d  GPIOPinTypeUART               
00001463  __TI_decompress_none          
00001471  SimpleDelay                   
0000147d  CANEnable                     
00001487  CANIntEnable                  
0000148f  ResetISR                      
00001495  SysCtlDelay                   
0000149b  UARTClockSourceSet            
000014a1  _system_pre_init              
000014a5  C$$EXIT                       
000014a5  abort                         
0000160c  __TI_Handler_Table_Base       
00001618  __TI_Handler_Table_Limit      
00001620  __TI_CINIT_Base               
00001630  __TI_CINIT_Limit              
20000000  __stack                       
20000000  __start___llvm_prf_cnts       
20000000  __stop___llvm_prf_cnts        
20000100  __STACK_END                   
20000100  __STACK_TOP                   
20000100  g_sCANMsgObject1              
20000114  g_sCANMsgObject2              
20000128  g_sCANMsgObject3              
20000140  g_ui32IntCount                
20000144  g_ui32Msg1Count               
20000148  g_ui32Msg2Count               
2000014c  g_ui32Msg3Count               
20000150  g_bMsgObj3Sent                
20000151  g_bErrFlag                    
20000154  g_ui32MsgRecvCount            
20000158  g_bRXFlag1                    
20000159  g_bRXFlag2                    
2000015a  g_bRXFlag3                    
2000015c  g_pui8Msg4                    
20000164  g_pui8Msg3                    
2000016a  g_pui8Msg2                    
2000016f  g_pui8Msg1                    
ffffffff  __TI_pprof_out_hndl           
ffffffff  __TI_prof_data_size           
ffffffff  __TI_prof_data_start          
ffffffff  __binit__                     
ffffffff  __c_args__                    
ffffffff  binit                         
UNDEFED   __mpu_init                    
UNDEFED   _system_post_cinit            

[83 symbols]
