<?xml version="1.0" encoding="ISO-8859-1" ?>
<link_info>
   <banner>TI ARM Linker PC v20.2.5.LTS</banner>
   <copyright>Copyright (c) 1996-2018 Texas Instruments Incorporated</copyright>
   <link_time>0x63a49a24</link_time>
   <link_errors>0x0</link_errors>
   <output_file>uart_echo.out</output_file>
   <entry_point>
      <name>_c_int00_noargs</name>
      <address>0x17a1</address>
   </entry_point>
   <input_file_list>
      <input_file id="fl-2">
         <path>.\</path>
         <kind>object</kind>
         <file>startup_ccs.obj</file>
         <name>startup_ccs.obj</name>
      </input_file>
      <input_file id="fl-3">
         <path>.\</path>
         <kind>object</kind>
         <file>uart_echo.obj</file>
         <name>uart_echo.obj</name>
      </input_file>
      <input_file id="fl-8">
         <kind>object</kind>
         <file>&lt;internal&gt;</file>
         <name>&lt;internal&gt;</name>
      </input_file>
      <input_file id="fl-9">
         <path>D:\Workspace\tivaC\TivaWare\driverlib\ccs\Debug\</path>
         <kind>archive</kind>
         <file>driverlib.lib</file>
         <name>gpio.obj</name>
      </input_file>
      <input_file id="fl-a">
         <path>D:\Workspace\tivaC\TivaWare\driverlib\ccs\Debug\</path>
         <kind>archive</kind>
         <file>driverlib.lib</file>
         <name>interrupt.obj</name>
      </input_file>
      <input_file id="fl-b">
         <path>D:\Workspace\tivaC\TivaWare\driverlib\ccs\Debug\</path>
         <kind>archive</kind>
         <file>driverlib.lib</file>
         <name>sysctl.obj</name>
      </input_file>
      <input_file id="fl-c">
         <path>D:\Workspace\tivaC\TivaWare\driverlib\ccs\Debug\</path>
         <kind>archive</kind>
         <file>driverlib.lib</file>
         <name>cpu.obj</name>
      </input_file>
      <input_file id="fl-c2">
         <path>C:\ti\ccs1110\ccs\tools\compiler\ti-cgt-arm_20.2.5.LTS\lib\</path>
         <kind>archive</kind>
         <file>rtsv7M4_T_le_v4SPD16_eabi.lib</file>
         <name>copy_zero_init.c.obj</name>
      </input_file>
      <input_file id="fl-c3">
         <path>C:\ti\ccs1110\ccs\tools\compiler\ti-cgt-arm_20.2.5.LTS\lib\</path>
         <kind>archive</kind>
         <file>rtsv7M4_T_le_v4SPD16_eabi.lib</file>
         <name>copy_decompress_none.c.obj</name>
      </input_file>
      <input_file id="fl-c4">
         <path>C:\ti\ccs1110\ccs\tools\compiler\ti-cgt-arm_20.2.5.LTS\lib\</path>
         <kind>archive</kind>
         <file>rtsv7M4_T_le_v4SPD16_eabi.lib</file>
         <name>copy_decompress_lzss.c.obj</name>
      </input_file>
      <input_file id="fl-c5">
         <path>C:\ti\ccs1110\ccs\tools\compiler\ti-cgt-arm_20.2.5.LTS\lib\</path>
         <kind>archive</kind>
         <file>rtsv7M4_T_le_v4SPD16_eabi.lib</file>
         <name>boot_cortex_m.c.obj</name>
      </input_file>
      <input_file id="fl-c6">
         <path>C:\ti\ccs1110\ccs\tools\compiler\ti-cgt-arm_20.2.5.LTS\lib\</path>
         <kind>archive</kind>
         <file>rtsv7M4_T_le_v4SPD16_eabi.lib</file>
         <name>memcpy_t2.asm.obj</name>
      </input_file>
      <input_file id="fl-c7">
         <path>C:\ti\ccs1110\ccs\tools\compiler\ti-cgt-arm_20.2.5.LTS\lib\</path>
         <kind>archive</kind>
         <file>rtsv7M4_T_le_v4SPD16_eabi.lib</file>
         <name>memset_t2.asm.obj</name>
      </input_file>
      <input_file id="fl-c8">
         <path>C:\ti\ccs1110\ccs\tools\compiler\ti-cgt-arm_20.2.5.LTS\lib\</path>
         <kind>archive</kind>
         <file>rtsv7M4_T_le_v4SPD16_eabi.lib</file>
         <name>autoinit.c.obj</name>
      </input_file>
      <input_file id="fl-c9">
         <path>C:\ti\ccs1110\ccs\tools\compiler\ti-cgt-arm_20.2.5.LTS\lib\</path>
         <kind>archive</kind>
         <file>rtsv7M4_T_le_v4SPD16_eabi.lib</file>
         <name>pre_init.c.obj</name>
      </input_file>
      <input_file id="fl-ca">
         <path>C:\ti\ccs1110\ccs\tools\compiler\ti-cgt-arm_20.2.5.LTS\lib\</path>
         <kind>archive</kind>
         <file>rtsv7M4_T_le_v4SPD16_eabi.lib</file>
         <name>cpy_tbl.c.obj</name>
      </input_file>
      <input_file id="fl-cb">
         <path>C:\ti\ccs1110\ccs\tools\compiler\ti-cgt-arm_20.2.5.LTS\lib\</path>
         <kind>archive</kind>
         <file>rtsv7M4_T_le_v4SPD16_eabi.lib</file>
         <name>exit.c.obj</name>
      </input_file>
      <input_file id="fl-cc">
         <path>C:\ti\ccs1110\ccs\tools\compiler\ti-cgt-arm_20.2.5.LTS\lib\</path>
         <kind>archive</kind>
         <file>rtsv7M4_T_le_v4SPD16_eabi.lib</file>
         <name>_lock.c.obj</name>
      </input_file>
      <input_file id="fl-cd">
         <path>C:\ti\ccs1110\ccs\tools\compiler\ti-cgt-arm_20.2.5.LTS\lib\</path>
         <kind>archive</kind>
         <file>rtsv7M4_T_le_v4SPD16_eabi.lib</file>
         <name>args_main.c.obj</name>
      </input_file>
   </input_file_list>
   <object_component_list>
      <object_component id="oc-13">
         <name>.intvecs</name>
         <load_address>0x0</load_address>
         <run_address>0x0</run_address>
         <size>0x26c</size>
         <input_file_ref idref="fl-2"/>
      </object_component>
      <object_component id="oc-90">
         <name>.text</name>
         <load_address>0x26c</load_address>
         <run_address>0x26c</run_address>
         <size>0x9e8</size>
         <input_file_ref idref="fl-b"/>
      </object_component>
      <object_component id="oc-8a">
         <name>.text</name>
         <load_address>0xc54</load_address>
         <run_address>0xc54</run_address>
         <size>0x6ec</size>
         <input_file_ref idref="fl-9"/>
      </object_component>
      <object_component id="oc-d7">
         <name>.text</name>
         <load_address>0x1340</load_address>
         <run_address>0x1340</run_address>
         <size>0x29c</size>
         <input_file_ref idref="fl-a"/>
      </object_component>
      <object_component id="oc-c5">
         <name>.text:main</name>
         <load_address>0x15dc</load_address>
         <run_address>0x15dc</run_address>
         <size>0xd0</size>
         <input_file_ref idref="fl-3"/>
      </object_component>
      <object_component id="oc-40">
         <name>.text:UARTIntHandler</name>
         <load_address>0x16ac</load_address>
         <run_address>0x16ac</run_address>
         <size>0x78</size>
         <input_file_ref idref="fl-3"/>
      </object_component>
      <object_component id="oc-121">
         <name>.text:__TI_auto_init_nobinit_nopinit:__TI_auto_init_nobinit_nopinit</name>
         <load_address>0x1724</load_address>
         <run_address>0x1724</run_address>
         <size>0x44</size>
         <input_file_ref idref="fl-c8"/>
      </object_component>
      <object_component id="oc-f0">
         <name>.text</name>
         <load_address>0x1768</load_address>
         <run_address>0x1768</run_address>
         <size>0x36</size>
         <input_file_ref idref="fl-c"/>
      </object_component>
      <object_component id="oc-34">
         <name>.text:FaultISR</name>
         <load_address>0x179e</load_address>
         <run_address>0x179e</run_address>
         <size>0x2</size>
         <input_file_ref idref="fl-2"/>
      </object_component>
      <object_component id="oc-72">
         <name>.text:_c_int00_noargs:_c_int00_noargs</name>
         <load_address>0x17a0</load_address>
         <run_address>0x17a0</run_address>
         <size>0x34</size>
         <input_file_ref idref="fl-c5"/>
      </object_component>
      <object_component id="oc-10e">
         <name>.text:UARTSend</name>
         <load_address>0x17d4</load_address>
         <run_address>0x17d4</run_address>
         <size>0x28</size>
         <input_file_ref idref="fl-3"/>
      </object_component>
      <object_component id="oc-60">
         <name>.text:decompress:ZI:__TI_zero_init_nomemset:__TI_zero_init_nomemset</name>
         <load_address>0x17fc</load_address>
         <run_address>0x17fc</run_address>
         <size>0x1c</size>
         <input_file_ref idref="fl-c2"/>
      </object_component>
      <object_component id="oc-28">
         <name>.text:ResetISR</name>
         <load_address>0x1818</load_address>
         <run_address>0x1818</run_address>
         <size>0x6</size>
         <input_file_ref idref="fl-2"/>
      </object_component>
      <object_component id="oc-96">
         <name>.text:SysCtlDelay</name>
         <load_address>0x181e</load_address>
         <run_address>0x181e</run_address>
         <size>0x6</size>
         <input_file_ref idref="fl-b"/>
      </object_component>
      <object_component id="oc-bf">
         <name>.text:_system_pre_init</name>
         <load_address>0x1824</load_address>
         <run_address>0x1824</run_address>
         <size>0x4</size>
         <input_file_ref idref="fl-c9"/>
      </object_component>
      <object_component id="oc-115">
         <name>.text:abort:abort</name>
         <load_address>0x1828</load_address>
         <run_address>0x1828</run_address>
         <size>0x4</size>
         <input_file_ref idref="fl-cb"/>
      </object_component>
      <object_component id="oc-3a">
         <name>.text:IntDefaultHandler</name>
         <load_address>0x182c</load_address>
         <run_address>0x182c</run_address>
         <size>0x2</size>
         <input_file_ref idref="fl-2"/>
      </object_component>
      <object_component id="oc-2e">
         <name>.text:NmiSR</name>
         <load_address>0x182e</load_address>
         <run_address>0x182e</run_address>
         <size>0x2</size>
         <input_file_ref idref="fl-2"/>
      </object_component>
      <object_component id="oc-ed">
         <name>.const:$O1$$</name>
         <load_address>0x1830</load_address>
         <run_address>0x1830</run_address>
         <size>0x254</size>
         <input_file_ref idref="fl-b"/>
      </object_component>
      <object_component id="oc-dd">
         <name>.const:$O1$$</name>
         <load_address>0x1a84</load_address>
         <run_address>0x1a84</run_address>
         <size>0x228</size>
         <input_file_ref idref="fl-9"/>
      </object_component>
      <object_component id="oc-156">
         <name>.const:$O1$$</name>
         <load_address>0x1cac</load_address>
         <run_address>0x1cac</run_address>
         <size>0x10c</size>
         <input_file_ref idref="fl-a"/>
      </object_component>
      <object_component id="oc-1f2">
         <name>.cinit..vtable.load</name>
         <load_address>0x1db8</load_address>
         <run_address>0x1db8</run_address>
         <size>0x8</size>
      </object_component>
      <object_component id="oc-1f0">
         <name>__TI_handler_table</name>
         <load_address>0x1dc0</load_address>
         <run_address>0x1dc0</run_address>
         <size>0x4</size>
      </object_component>
      <object_component id="oc-1f1">
         <name>__TI_cinit_table</name>
         <load_address>0x1dc4</load_address>
         <run_address>0x1dc4</run_address>
         <size>0x8</size>
      </object_component>
      <object_component id="oc-153">
         <name>.vtable</name>
         <uninitialized>true</uninitialized>
         <run_address>0x20000000</run_address>
         <size>0x26c</size>
         <input_file_ref idref="fl-a"/>
      </object_component>
      <object_component id="oc-25">
         <name>.stack</name>
         <uninitialized>true</uninitialized>
         <run_address>0x20000270</run_address>
         <size>0x4</size>
         <input_file_ref idref="fl-c5"/>
      </object_component>
      <object_component id="oc-1f4">
         <name>.stack</name>
         <uninitialized>true</uninitialized>
         <run_address>0x20000270</run_address>
         <size>0x0</size>
      </object_component>
      <object_component id="oc-48">
         <name>.debug_info</name>
         <load_address>0x0</load_address>
         <run_address>0x0</run_address>
         <size>0x322</size>
         <input_file_ref idref="fl-2"/>
      </object_component>
      <object_component id="oc-14">
         <name>.debug_info</name>
         <load_address>0x322</load_address>
         <run_address>0x322</run_address>
         <size>0x13d</size>
         <input_file_ref idref="fl-2"/>
      </object_component>
      <object_component id="oc-2b">
         <name>.debug_info</name>
         <load_address>0x45f</load_address>
         <run_address>0x45f</run_address>
         <size>0x1ef</size>
         <input_file_ref idref="fl-2"/>
      </object_component>
      <object_component id="oc-30">
         <name>.debug_info</name>
         <load_address>0x64e</load_address>
         <run_address>0x64e</run_address>
         <size>0x1e0</size>
         <input_file_ref idref="fl-2"/>
      </object_component>
      <object_component id="oc-3b">
         <name>.debug_info</name>
         <load_address>0x82e</load_address>
         <run_address>0x82e</run_address>
         <size>0x1f8</size>
         <input_file_ref idref="fl-2"/>
      </object_component>
      <object_component id="oc-35">
         <name>.debug_info</name>
         <load_address>0xa26</load_address>
         <run_address>0xa26</run_address>
         <size>0x1e6</size>
         <input_file_ref idref="fl-2"/>
      </object_component>
      <object_component id="oc-9f">
         <name>.debug_info</name>
         <load_address>0xc0c</load_address>
         <run_address>0xc0c</run_address>
         <size>0x26b</size>
         <input_file_ref idref="fl-2"/>
      </object_component>
      <object_component id="oc-4f">
         <name>.debug_info</name>
         <load_address>0xe77</load_address>
         <run_address>0xe77</run_address>
         <size>0x84</size>
         <input_file_ref idref="fl-2"/>
      </object_component>
      <object_component id="oc-f9">
         <name>.debug_info</name>
         <load_address>0xefb</load_address>
         <run_address>0xefb</run_address>
         <size>0x2a4</size>
         <input_file_ref idref="fl-2"/>
      </object_component>
      <object_component id="oc-e3">
         <name>.debug_info</name>
         <load_address>0x119f</load_address>
         <run_address>0x119f</run_address>
         <size>0xef</size>
         <input_file_ref idref="fl-2"/>
      </object_component>
      <object_component id="oc-98">
         <name>.debug_info</name>
         <load_address>0x128e</load_address>
         <run_address>0x128e</run_address>
         <size>0xbb</size>
         <input_file_ref idref="fl-2"/>
      </object_component>
      <object_component id="oc-16a">
         <name>.debug_info</name>
         <load_address>0x1349</load_address>
         <run_address>0x1349</run_address>
         <size>0x381</size>
         <input_file_ref idref="fl-3"/>
      </object_component>
      <object_component id="oc-111">
         <name>.debug_info</name>
         <load_address>0x16ca</load_address>
         <run_address>0x16ca</run_address>
         <size>0x260</size>
         <input_file_ref idref="fl-3"/>
      </object_component>
      <object_component id="oc-c7">
         <name>.debug_info</name>
         <load_address>0x192a</load_address>
         <run_address>0x192a</run_address>
         <size>0x277</size>
         <input_file_ref idref="fl-3"/>
      </object_component>
      <object_component id="oc-44">
         <name>.debug_info</name>
         <load_address>0x1ba1</load_address>
         <run_address>0x1ba1</run_address>
         <size>0x282</size>
         <input_file_ref idref="fl-3"/>
      </object_component>
      <object_component id="oc-e8">
         <name>.debug_info</name>
         <load_address>0x1e23</load_address>
         <run_address>0x1e23</run_address>
         <size>0x8b</size>
         <input_file_ref idref="fl-3"/>
      </object_component>
      <object_component id="oc-e1">
         <name>.debug_info</name>
         <load_address>0x1eae</load_address>
         <run_address>0x1eae</run_address>
         <size>0x490</size>
         <input_file_ref idref="fl-9"/>
      </object_component>
      <object_component id="oc-de">
         <name>.debug_info</name>
         <load_address>0x233e</load_address>
         <run_address>0x233e</run_address>
         <size>0x193</size>
         <input_file_ref idref="fl-9"/>
      </object_component>
      <object_component id="oc-8d">
         <name>.debug_info</name>
         <load_address>0x24d1</load_address>
         <run_address>0x24d1</run_address>
         <size>0x385a</size>
         <input_file_ref idref="fl-9"/>
      </object_component>
      <object_component id="oc-15a">
         <name>.debug_info</name>
         <load_address>0x5d2b</load_address>
         <run_address>0x5d2b</run_address>
         <size>0x48c</size>
         <input_file_ref idref="fl-a"/>
      </object_component>
      <object_component id="oc-154">
         <name>.debug_info</name>
         <load_address>0x61b7</load_address>
         <run_address>0x61b7</run_address>
         <size>0x105</size>
         <input_file_ref idref="fl-a"/>
      </object_component>
      <object_component id="oc-157">
         <name>.debug_info</name>
         <load_address>0x62bc</load_address>
         <run_address>0x62bc</run_address>
         <size>0x1e4</size>
         <input_file_ref idref="fl-a"/>
      </object_component>
      <object_component id="oc-db">
         <name>.debug_info</name>
         <load_address>0x64a0</load_address>
         <run_address>0x64a0</run_address>
         <size>0xe72</size>
         <input_file_ref idref="fl-a"/>
      </object_component>
      <object_component id="oc-f7">
         <name>.debug_info</name>
         <load_address>0x7312</load_address>
         <run_address>0x7312</run_address>
         <size>0x4fa</size>
         <input_file_ref idref="fl-b"/>
      </object_component>
      <object_component id="oc-ee">
         <name>.debug_info</name>
         <load_address>0x780c</load_address>
         <run_address>0x780c</run_address>
         <size>0x198</size>
         <input_file_ref idref="fl-b"/>
      </object_component>
      <object_component id="oc-92">
         <name>.debug_info</name>
         <load_address>0x79a4</load_address>
         <run_address>0x79a4</run_address>
         <size>0x3415</size>
         <input_file_ref idref="fl-b"/>
      </object_component>
      <object_component id="oc-165">
         <name>.debug_info</name>
         <load_address>0xadb9</load_address>
         <run_address>0xadb9</run_address>
         <size>0x51</size>
         <input_file_ref idref="fl-b"/>
      </object_component>
      <object_component id="oc-f3">
         <name>.debug_info</name>
         <load_address>0xae0a</load_address>
         <run_address>0xae0a</run_address>
         <size>0x457</size>
         <input_file_ref idref="fl-c"/>
      </object_component>
      <object_component id="oc-b8">
         <name>.debug_info</name>
         <load_address>0xb261</load_address>
         <run_address>0xb261</run_address>
         <size>0x2d4</size>
         <input_file_ref idref="fl-c2"/>
      </object_component>
      <object_component id="oc-62">
         <name>.debug_info</name>
         <load_address>0xb535</load_address>
         <run_address>0xb535</run_address>
         <size>0x1d2</size>
         <input_file_ref idref="fl-c2"/>
      </object_component>
      <object_component id="oc-b3">
         <name>.debug_info</name>
         <load_address>0xb707</load_address>
         <run_address>0xb707</run_address>
         <size>0x46</size>
         <input_file_ref idref="fl-c2"/>
      </object_component>
      <object_component id="oc-105">
         <name>.debug_info</name>
         <load_address>0xb74d</load_address>
         <run_address>0xb74d</run_address>
         <size>0x2c</size>
         <input_file_ref idref="fl-c2"/>
      </object_component>
      <object_component id="oc-26">
         <name>.debug_info</name>
         <load_address>0xb779</load_address>
         <run_address>0xb779</run_address>
         <size>0x10b</size>
         <input_file_ref idref="fl-c5"/>
      </object_component>
      <object_component id="oc-74">
         <name>.debug_info</name>
         <load_address>0xb884</load_address>
         <run_address>0xb884</run_address>
         <size>0x1a9</size>
         <input_file_ref idref="fl-c5"/>
      </object_component>
      <object_component id="oc-176">
         <name>.debug_info</name>
         <load_address>0xba2d</load_address>
         <run_address>0xba2d</run_address>
         <size>0x4b3</size>
         <input_file_ref idref="fl-c8"/>
      </object_component>
      <object_component id="oc-123">
         <name>.debug_info</name>
         <load_address>0xbee0</load_address>
         <run_address>0xbee0</run_address>
         <size>0x1a6</size>
         <input_file_ref idref="fl-c8"/>
      </object_component>
      <object_component id="oc-1a3">
         <name>.debug_info</name>
         <load_address>0xc086</load_address>
         <run_address>0xc086</run_address>
         <size>0x39</size>
         <input_file_ref idref="fl-c8"/>
      </object_component>
      <object_component id="oc-1b7">
         <name>.debug_info</name>
         <load_address>0xc0bf</load_address>
         <run_address>0xc0bf</run_address>
         <size>0x39</size>
         <input_file_ref idref="fl-c8"/>
      </object_component>
      <object_component id="oc-1a8">
         <name>.debug_info</name>
         <load_address>0xc0f8</load_address>
         <run_address>0xc0f8</run_address>
         <size>0x39</size>
         <input_file_ref idref="fl-c8"/>
      </object_component>
      <object_component id="oc-1ad">
         <name>.debug_info</name>
         <load_address>0xc131</load_address>
         <run_address>0xc131</run_address>
         <size>0xcd</size>
         <input_file_ref idref="fl-c8"/>
      </object_component>
      <object_component id="oc-c2">
         <name>.debug_info</name>
         <load_address>0xc1fe</load_address>
         <run_address>0xc1fe</run_address>
         <size>0x153</size>
         <input_file_ref idref="fl-c9"/>
      </object_component>
      <object_component id="oc-118">
         <name>.debug_info</name>
         <load_address>0xc351</load_address>
         <run_address>0xc351</run_address>
         <size>0x122</size>
         <input_file_ref idref="fl-cb"/>
      </object_component>
      <object_component id="oc-1f5">
         <name>.debug_info</name>
         <load_address>0xc473</load_address>
         <run_address>0xc473</run_address>
         <size>0xbc</size>
      </object_component>
      <object_component id="oc-9e">
         <name>.debug_line</name>
         <load_address>0x0</load_address>
         <run_address>0x0</run_address>
         <size>0x75</size>
         <input_file_ref idref="fl-2"/>
      </object_component>
      <object_component id="oc-47">
         <name>.debug_line</name>
         <load_address>0x75</load_address>
         <run_address>0x75</run_address>
         <size>0x75</size>
         <input_file_ref idref="fl-2"/>
      </object_component>
      <object_component id="oc-2a">
         <name>.debug_line</name>
         <load_address>0xea</load_address>
         <run_address>0xea</run_address>
         <size>0x87</size>
         <input_file_ref idref="fl-2"/>
      </object_component>
      <object_component id="oc-33">
         <name>.debug_line</name>
         <load_address>0x171</load_address>
         <run_address>0x171</run_address>
         <size>0x8a</size>
         <input_file_ref idref="fl-2"/>
      </object_component>
      <object_component id="oc-3e">
         <name>.debug_line</name>
         <load_address>0x1fb</load_address>
         <run_address>0x1fb</run_address>
         <size>0x8a</size>
         <input_file_ref idref="fl-2"/>
      </object_component>
      <object_component id="oc-39">
         <name>.debug_line</name>
         <load_address>0x285</load_address>
         <run_address>0x285</run_address>
         <size>0x8a</size>
         <input_file_ref idref="fl-2"/>
      </object_component>
      <object_component id="oc-a2">
         <name>.debug_line</name>
         <load_address>0x30f</load_address>
         <run_address>0x30f</run_address>
         <size>0x6f</size>
         <input_file_ref idref="fl-2"/>
      </object_component>
      <object_component id="oc-52">
         <name>.debug_line</name>
         <load_address>0x37e</load_address>
         <run_address>0x37e</run_address>
         <size>0x20</size>
         <input_file_ref idref="fl-2"/>
      </object_component>
      <object_component id="oc-fc">
         <name>.debug_line</name>
         <load_address>0x39e</load_address>
         <run_address>0x39e</run_address>
         <size>0x73</size>
         <input_file_ref idref="fl-2"/>
      </object_component>
      <object_component id="oc-e6">
         <name>.debug_line</name>
         <load_address>0x411</load_address>
         <run_address>0x411</run_address>
         <size>0x6f</size>
         <input_file_ref idref="fl-2"/>
      </object_component>
      <object_component id="oc-9b">
         <name>.debug_line</name>
         <load_address>0x480</load_address>
         <run_address>0x480</run_address>
         <size>0x70</size>
         <input_file_ref idref="fl-2"/>
      </object_component>
      <object_component id="oc-192">
         <name>.debug_line</name>
         <load_address>0x4f0</load_address>
         <run_address>0x4f0</run_address>
         <size>0x82</size>
         <input_file_ref idref="fl-3"/>
      </object_component>
      <object_component id="oc-113">
         <name>.debug_line</name>
         <load_address>0x572</load_address>
         <run_address>0x572</run_address>
         <size>0x94</size>
         <input_file_ref idref="fl-3"/>
      </object_component>
      <object_component id="oc-ca">
         <name>.debug_line</name>
         <load_address>0x606</load_address>
         <run_address>0x606</run_address>
         <size>0x9d</size>
         <input_file_ref idref="fl-3"/>
      </object_component>
      <object_component id="oc-43">
         <name>.debug_line</name>
         <load_address>0x6a3</load_address>
         <run_address>0x6a3</run_address>
         <size>0xa5</size>
         <input_file_ref idref="fl-3"/>
      </object_component>
      <object_component id="oc-eb">
         <name>.debug_line</name>
         <load_address>0x748</load_address>
         <run_address>0x748</run_address>
         <size>0x20</size>
         <input_file_ref idref="fl-3"/>
      </object_component>
      <object_component id="oc-15f">
         <name>.debug_line</name>
         <load_address>0x768</load_address>
         <run_address>0x768</run_address>
         <size>0x55</size>
         <input_file_ref idref="fl-9"/>
      </object_component>
      <object_component id="oc-15d">
         <name>.debug_line</name>
         <load_address>0x7bd</load_address>
         <run_address>0x7bd</run_address>
         <size>0x50</size>
         <input_file_ref idref="fl-9"/>
      </object_component>
      <object_component id="oc-8f">
         <name>.debug_line</name>
         <load_address>0x80d</load_address>
         <run_address>0x80d</run_address>
         <size>0x6a9</size>
         <input_file_ref idref="fl-9"/>
      </object_component>
      <object_component id="oc-190">
         <name>.debug_line</name>
         <load_address>0xeb6</load_address>
         <run_address>0xeb6</run_address>
         <size>0x4f</size>
         <input_file_ref idref="fl-a"/>
      </object_component>
      <object_component id="oc-18c">
         <name>.debug_line</name>
         <load_address>0xf05</load_address>
         <run_address>0xf05</run_address>
         <size>0x55</size>
         <input_file_ref idref="fl-a"/>
      </object_component>
      <object_component id="oc-18e">
         <name>.debug_line</name>
         <load_address>0xf5a</load_address>
         <run_address>0xf5a</run_address>
         <size>0x55</size>
         <input_file_ref idref="fl-a"/>
      </object_component>
      <object_component id="oc-d9">
         <name>.debug_line</name>
         <load_address>0xfaf</load_address>
         <run_address>0xfaf</run_address>
         <size>0x286</size>
         <input_file_ref idref="fl-a"/>
      </object_component>
      <object_component id="oc-164">
         <name>.debug_line</name>
         <load_address>0x1235</load_address>
         <run_address>0x1235</run_address>
         <size>0xb6</size>
         <input_file_ref idref="fl-b"/>
      </object_component>
      <object_component id="oc-161">
         <name>.debug_line</name>
         <load_address>0x12eb</load_address>
         <run_address>0x12eb</run_address>
         <size>0x52</size>
         <input_file_ref idref="fl-b"/>
      </object_component>
      <object_component id="oc-95">
         <name>.debug_line</name>
         <load_address>0x133d</load_address>
         <run_address>0x133d</run_address>
         <size>0x86f</size>
         <input_file_ref idref="fl-b"/>
      </object_component>
      <object_component id="oc-167">
         <name>.debug_line</name>
         <load_address>0x1bac</load_address>
         <run_address>0x1bac</run_address>
         <size>0x52</size>
         <input_file_ref idref="fl-b"/>
      </object_component>
      <object_component id="oc-f2">
         <name>.debug_line</name>
         <load_address>0x1bfe</load_address>
         <run_address>0x1bfe</run_address>
         <size>0xd6</size>
         <input_file_ref idref="fl-c"/>
      </object_component>
      <object_component id="oc-10b">
         <name>.debug_line</name>
         <load_address>0x1cd4</load_address>
         <run_address>0x1cd4</run_address>
         <size>0x92</size>
         <input_file_ref idref="fl-c2"/>
      </object_component>
      <object_component id="oc-61">
         <name>.debug_line</name>
         <load_address>0x1d66</load_address>
         <run_address>0x1d66</run_address>
         <size>0x56</size>
         <input_file_ref idref="fl-c2"/>
      </object_component>
      <object_component id="oc-b6">
         <name>.debug_line</name>
         <load_address>0x1dbc</load_address>
         <run_address>0x1dbc</run_address>
         <size>0x34</size>
         <input_file_ref idref="fl-c2"/>
      </object_component>
      <object_component id="oc-108">
         <name>.debug_line</name>
         <load_address>0x1df0</load_address>
         <run_address>0x1df0</run_address>
         <size>0x92</size>
         <input_file_ref idref="fl-c2"/>
      </object_component>
      <object_component id="oc-85">
         <name>.debug_line</name>
         <load_address>0x1e82</load_address>
         <run_address>0x1e82</run_address>
         <size>0x33</size>
         <input_file_ref idref="fl-c5"/>
      </object_component>
      <object_component id="oc-77">
         <name>.debug_line</name>
         <load_address>0x1eb5</load_address>
         <run_address>0x1eb5</run_address>
         <size>0x45</size>
         <input_file_ref idref="fl-c5"/>
      </object_component>
      <object_component id="oc-1a2">
         <name>.debug_line</name>
         <load_address>0x1efa</load_address>
         <run_address>0x1efa</run_address>
         <size>0xbf</size>
         <input_file_ref idref="fl-c8"/>
      </object_component>
      <object_component id="oc-122">
         <name>.debug_line</name>
         <load_address>0x1fb9</load_address>
         <run_address>0x1fb9</run_address>
         <size>0x6f</size>
         <input_file_ref idref="fl-c8"/>
      </object_component>
      <object_component id="oc-1a6">
         <name>.debug_line</name>
         <load_address>0x2028</load_address>
         <run_address>0x2028</run_address>
         <size>0x2e</size>
         <input_file_ref idref="fl-c8"/>
      </object_component>
      <object_component id="oc-1ba">
         <name>.debug_line</name>
         <load_address>0x2056</load_address>
         <run_address>0x2056</run_address>
         <size>0x9a</size>
         <input_file_ref idref="fl-c8"/>
      </object_component>
      <object_component id="oc-1ab">
         <name>.debug_line</name>
         <load_address>0x20f0</load_address>
         <run_address>0x20f0</run_address>
         <size>0x97</size>
         <input_file_ref idref="fl-c8"/>
      </object_component>
      <object_component id="oc-1b0">
         <name>.debug_line</name>
         <load_address>0x2187</load_address>
         <run_address>0x2187</run_address>
         <size>0x93</size>
         <input_file_ref idref="fl-c8"/>
      </object_component>
      <object_component id="oc-c0">
         <name>.debug_line</name>
         <load_address>0x221a</load_address>
         <run_address>0x221a</run_address>
         <size>0x40</size>
         <input_file_ref idref="fl-c9"/>
      </object_component>
      <object_component id="oc-116">
         <name>.debug_line</name>
         <load_address>0x225a</load_address>
         <run_address>0x225a</run_address>
         <size>0x3c</size>
         <input_file_ref idref="fl-cb"/>
      </object_component>
      <object_component id="oc-29">
         <name>.debug_frame</name>
         <load_address>0x0</load_address>
         <run_address>0x0</run_address>
         <size>0x54</size>
         <input_file_ref idref="fl-2"/>
      </object_component>
      <object_component id="oc-2f">
         <name>.debug_frame</name>
         <load_address>0x54</load_address>
         <run_address>0x54</run_address>
         <size>0x54</size>
         <input_file_ref idref="fl-2"/>
      </object_component>
      <object_component id="oc-3f">
         <name>.debug_frame</name>
         <load_address>0xa8</load_address>
         <run_address>0xa8</run_address>
         <size>0x54</size>
         <input_file_ref idref="fl-2"/>
      </object_component>
      <object_component id="oc-38">
         <name>.debug_frame</name>
         <load_address>0xfc</load_address>
         <run_address>0xfc</run_address>
         <size>0x54</size>
         <input_file_ref idref="fl-2"/>
      </object_component>
      <object_component id="oc-110">
         <name>.debug_frame</name>
         <load_address>0x150</load_address>
         <run_address>0x150</run_address>
         <size>0x5c</size>
         <input_file_ref idref="fl-3"/>
      </object_component>
      <object_component id="oc-c9">
         <name>.debug_frame</name>
         <load_address>0x1ac</load_address>
         <run_address>0x1ac</run_address>
         <size>0x60</size>
         <input_file_ref idref="fl-3"/>
      </object_component>
      <object_component id="oc-42">
         <name>.debug_frame</name>
         <load_address>0x20c</load_address>
         <run_address>0x20c</run_address>
         <size>0x60</size>
         <input_file_ref idref="fl-3"/>
      </object_component>
      <object_component id="oc-8c">
         <name>.debug_frame</name>
         <load_address>0x26c</load_address>
         <run_address>0x26c</run_address>
         <size>0x4e8</size>
         <input_file_ref idref="fl-9"/>
      </object_component>
      <object_component id="oc-da">
         <name>.debug_frame</name>
         <load_address>0x754</load_address>
         <run_address>0x754</run_address>
         <size>0x190</size>
         <input_file_ref idref="fl-a"/>
      </object_component>
      <object_component id="oc-94">
         <name>.debug_frame</name>
         <load_address>0x8e4</load_address>
         <run_address>0x8e4</run_address>
         <size>0x4f4</size>
         <input_file_ref idref="fl-b"/>
      </object_component>
      <object_component id="oc-f1">
         <name>.debug_frame</name>
         <load_address>0xdd8</load_address>
         <run_address>0xdd8</run_address>
         <size>0xb8</size>
         <input_file_ref idref="fl-c"/>
      </object_component>
      <object_component id="oc-65">
         <name>.debug_frame</name>
         <load_address>0xe90</load_address>
         <run_address>0xe90</run_address>
         <size>0x54</size>
         <input_file_ref idref="fl-c2"/>
      </object_component>
      <object_component id="oc-73">
         <name>.debug_frame</name>
         <load_address>0xee4</load_address>
         <run_address>0xee4</run_address>
         <size>0x50</size>
         <input_file_ref idref="fl-c5"/>
      </object_component>
      <object_component id="oc-126">
         <name>.debug_frame</name>
         <load_address>0xf34</load_address>
         <run_address>0xf34</run_address>
         <size>0x5c</size>
         <input_file_ref idref="fl-c8"/>
      </object_component>
      <object_component id="oc-c1">
         <name>.debug_frame</name>
         <load_address>0xf90</load_address>
         <run_address>0xf90</run_address>
         <size>0x54</size>
         <input_file_ref idref="fl-c9"/>
      </object_component>
      <object_component id="oc-117">
         <name>.debug_frame</name>
         <load_address>0xfe4</load_address>
         <run_address>0xfe4</run_address>
         <size>0x54</size>
         <input_file_ref idref="fl-cb"/>
      </object_component>
      <object_component id="oc-9d">
         <name>.debug_abbrev</name>
         <load_address>0x0</load_address>
         <run_address>0x0</run_address>
         <size>0x7c</size>
         <input_file_ref idref="fl-2"/>
      </object_component>
      <object_component id="oc-46">
         <name>.debug_abbrev</name>
         <load_address>0x7c</load_address>
         <run_address>0x7c</run_address>
         <size>0x29</size>
         <input_file_ref idref="fl-2"/>
      </object_component>
      <object_component id="oc-86">
         <name>.debug_abbrev</name>
         <load_address>0xa5</load_address>
         <run_address>0xa5</run_address>
         <size>0x50</size>
         <input_file_ref idref="fl-2"/>
      </object_component>
      <object_component id="oc-87">
         <name>.debug_abbrev</name>
         <load_address>0xf5</load_address>
         <run_address>0xf5</run_address>
         <size>0x40</size>
         <input_file_ref idref="fl-2"/>
      </object_component>
      <object_component id="oc-89">
         <name>.debug_abbrev</name>
         <load_address>0x135</load_address>
         <run_address>0x135</run_address>
         <size>0x40</size>
         <input_file_ref idref="fl-2"/>
      </object_component>
      <object_component id="oc-88">
         <name>.debug_abbrev</name>
         <load_address>0x175</load_address>
         <run_address>0x175</run_address>
         <size>0x40</size>
         <input_file_ref idref="fl-2"/>
      </object_component>
      <object_component id="oc-a1">
         <name>.debug_abbrev</name>
         <load_address>0x1b5</load_address>
         <run_address>0x1b5</run_address>
         <size>0x69</size>
         <input_file_ref idref="fl-2"/>
      </object_component>
      <object_component id="oc-51">
         <name>.debug_abbrev</name>
         <load_address>0x21e</load_address>
         <run_address>0x21e</run_address>
         <size>0x1f</size>
         <input_file_ref idref="fl-2"/>
      </object_component>
      <object_component id="oc-fb">
         <name>.debug_abbrev</name>
         <load_address>0x23d</load_address>
         <run_address>0x23d</run_address>
         <size>0x5c</size>
         <input_file_ref idref="fl-2"/>
      </object_component>
      <object_component id="oc-e5">
         <name>.debug_abbrev</name>
         <load_address>0x299</load_address>
         <run_address>0x299</run_address>
         <size>0x24</size>
         <input_file_ref idref="fl-2"/>
      </object_component>
      <object_component id="oc-9a">
         <name>.debug_abbrev</name>
         <load_address>0x2bd</load_address>
         <run_address>0x2bd</run_address>
         <size>0x24</size>
         <input_file_ref idref="fl-2"/>
      </object_component>
      <object_component id="oc-191">
         <name>.debug_abbrev</name>
         <load_address>0x2e1</load_address>
         <run_address>0x2e1</run_address>
         <size>0x80</size>
         <input_file_ref idref="fl-3"/>
      </object_component>
      <object_component id="oc-169">
         <name>.debug_abbrev</name>
         <load_address>0x361</load_address>
         <run_address>0x361</run_address>
         <size>0x7b</size>
         <input_file_ref idref="fl-3"/>
      </object_component>
      <object_component id="oc-114">
         <name>.debug_abbrev</name>
         <load_address>0x3dc</load_address>
         <run_address>0x3dc</run_address>
         <size>0x63</size>
         <input_file_ref idref="fl-3"/>
      </object_component>
      <object_component id="oc-97">
         <name>.debug_abbrev</name>
         <load_address>0x43f</load_address>
         <run_address>0x43f</run_address>
         <size>0x7b</size>
         <input_file_ref idref="fl-3"/>
      </object_component>
      <object_component id="oc-ea">
         <name>.debug_abbrev</name>
         <load_address>0x4ba</load_address>
         <run_address>0x4ba</run_address>
         <size>0x1f</size>
         <input_file_ref idref="fl-3"/>
      </object_component>
      <object_component id="oc-15e">
         <name>.debug_abbrev</name>
         <load_address>0x4d9</load_address>
         <run_address>0x4d9</run_address>
         <size>0x98</size>
         <input_file_ref idref="fl-9"/>
      </object_component>
      <object_component id="oc-15c">
         <name>.debug_abbrev</name>
         <load_address>0x571</load_address>
         <run_address>0x571</run_address>
         <size>0x27</size>
         <input_file_ref idref="fl-9"/>
      </object_component>
      <object_component id="oc-e0">
         <name>.debug_abbrev</name>
         <load_address>0x598</load_address>
         <run_address>0x598</run_address>
         <size>0xd6</size>
         <input_file_ref idref="fl-9"/>
      </object_component>
      <object_component id="oc-18f">
         <name>.debug_abbrev</name>
         <load_address>0x66e</load_address>
         <run_address>0x66e</run_address>
         <size>0xb4</size>
         <input_file_ref idref="fl-a"/>
      </object_component>
      <object_component id="oc-18b">
         <name>.debug_abbrev</name>
         <load_address>0x722</load_address>
         <run_address>0x722</run_address>
         <size>0x29</size>
         <input_file_ref idref="fl-a"/>
      </object_component>
      <object_component id="oc-18d">
         <name>.debug_abbrev</name>
         <load_address>0x74b</load_address>
         <run_address>0x74b</run_address>
         <size>0x27</size>
         <input_file_ref idref="fl-a"/>
      </object_component>
      <object_component id="oc-159">
         <name>.debug_abbrev</name>
         <load_address>0x772</load_address>
         <run_address>0x772</run_address>
         <size>0x101</size>
         <input_file_ref idref="fl-a"/>
      </object_component>
      <object_component id="oc-163">
         <name>.debug_abbrev</name>
         <load_address>0x873</load_address>
         <run_address>0x873</run_address>
         <size>0xd6</size>
         <input_file_ref idref="fl-b"/>
      </object_component>
      <object_component id="oc-160">
         <name>.debug_abbrev</name>
         <load_address>0x949</load_address>
         <run_address>0x949</run_address>
         <size>0x3b</size>
         <input_file_ref idref="fl-b"/>
      </object_component>
      <object_component id="oc-f6">
         <name>.debug_abbrev</name>
         <load_address>0x984</load_address>
         <run_address>0x984</run_address>
         <size>0x101</size>
         <input_file_ref idref="fl-b"/>
      </object_component>
      <object_component id="oc-166">
         <name>.debug_abbrev</name>
         <load_address>0xa85</load_address>
         <run_address>0xa85</run_address>
         <size>0x38</size>
         <input_file_ref idref="fl-b"/>
      </object_component>
      <object_component id="oc-162">
         <name>.debug_abbrev</name>
         <load_address>0xabd</load_address>
         <run_address>0xabd</run_address>
         <size>0xbc</size>
         <input_file_ref idref="fl-c"/>
      </object_component>
      <object_component id="oc-10a">
         <name>.debug_abbrev</name>
         <load_address>0xb79</load_address>
         <run_address>0xb79</run_address>
         <size>0x5d</size>
         <input_file_ref idref="fl-c2"/>
      </object_component>
      <object_component id="oc-b2">
         <name>.debug_abbrev</name>
         <load_address>0xbd6</load_address>
         <run_address>0xbd6</run_address>
         <size>0x6f</size>
         <input_file_ref idref="fl-c2"/>
      </object_component>
      <object_component id="oc-b5">
         <name>.debug_abbrev</name>
         <load_address>0xc45</load_address>
         <run_address>0xc45</run_address>
         <size>0x24</size>
         <input_file_ref idref="fl-c2"/>
      </object_component>
      <object_component id="oc-107">
         <name>.debug_abbrev</name>
         <load_address>0xc69</load_address>
         <run_address>0xc69</run_address>
         <size>0x24</size>
         <input_file_ref idref="fl-c2"/>
      </object_component>
      <object_component id="oc-84">
         <name>.debug_abbrev</name>
         <load_address>0xc8d</load_address>
         <run_address>0xc8d</run_address>
         <size>0x29</size>
         <input_file_ref idref="fl-c5"/>
      </object_component>
      <object_component id="oc-ce">
         <name>.debug_abbrev</name>
         <load_address>0xcb6</load_address>
         <run_address>0xcb6</run_address>
         <size>0x55</size>
         <input_file_ref idref="fl-c5"/>
      </object_component>
      <object_component id="oc-1a1">
         <name>.debug_abbrev</name>
         <load_address>0xd0b</load_address>
         <run_address>0xd0b</run_address>
         <size>0xc0</size>
         <input_file_ref idref="fl-c8"/>
      </object_component>
      <object_component id="oc-175">
         <name>.debug_abbrev</name>
         <load_address>0xdcb</load_address>
         <run_address>0xdcb</run_address>
         <size>0x7e</size>
         <input_file_ref idref="fl-c8"/>
      </object_component>
      <object_component id="oc-1a5">
         <name>.debug_abbrev</name>
         <load_address>0xe49</load_address>
         <run_address>0xe49</run_address>
         <size>0x24</size>
         <input_file_ref idref="fl-c8"/>
      </object_component>
      <object_component id="oc-1b9">
         <name>.debug_abbrev</name>
         <load_address>0xe6d</load_address>
         <run_address>0xe6d</run_address>
         <size>0x24</size>
         <input_file_ref idref="fl-c8"/>
      </object_component>
      <object_component id="oc-1aa">
         <name>.debug_abbrev</name>
         <load_address>0xe91</load_address>
         <run_address>0xe91</run_address>
         <size>0x24</size>
         <input_file_ref idref="fl-c8"/>
      </object_component>
      <object_component id="oc-1af">
         <name>.debug_abbrev</name>
         <load_address>0xeb5</load_address>
         <run_address>0xeb5</run_address>
         <size>0x4b</size>
         <input_file_ref idref="fl-c8"/>
      </object_component>
      <object_component id="oc-10d">
         <name>.debug_abbrev</name>
         <load_address>0xf00</load_address>
         <run_address>0xf00</run_address>
         <size>0x55</size>
         <input_file_ref idref="fl-c9"/>
      </object_component>
      <object_component id="oc-16b">
         <name>.debug_abbrev</name>
         <load_address>0xf55</load_address>
         <run_address>0xf55</run_address>
         <size>0x45</size>
         <input_file_ref idref="fl-cb"/>
      </object_component>
      <object_component id="oc-1f6">
         <name>.debug_abbrev</name>
         <load_address>0xf9a</load_address>
         <run_address>0xf9a</run_address>
         <size>0xf</size>
      </object_component>
      <object_component id="oc-a3">
         <name>.debug_str</name>
         <load_address>0x0</load_address>
         <run_address>0x0</run_address>
         <size>0x2cd</size>
         <input_file_ref idref="fl-2"/>
      </object_component>
      <object_component id="oc-53">
         <name>.debug_str</name>
         <load_address>0x2cd</load_address>
         <run_address>0x2cd</run_address>
         <size>0xfd</size>
         <input_file_ref idref="fl-2"/>
      </object_component>
      <object_component id="oc-fd">
         <name>.debug_str</name>
         <load_address>0x3ca</load_address>
         <run_address>0x3ca</run_address>
         <size>0x363</size>
         <input_file_ref idref="fl-2"/>
      </object_component>
      <object_component id="oc-e7">
         <name>.debug_str</name>
         <load_address>0x72d</load_address>
         <run_address>0x72d</run_address>
         <size>0x1d8</size>
         <input_file_ref idref="fl-2"/>
      </object_component>
      <object_component id="oc-9c">
         <name>.debug_str</name>
         <load_address>0x905</load_address>
         <run_address>0x905</run_address>
         <size>0x165</size>
         <input_file_ref idref="fl-2"/>
      </object_component>
      <object_component id="oc-ec">
         <name>.debug_str</name>
         <load_address>0xa6a</load_address>
         <run_address>0xa6a</run_address>
         <size>0xfd</size>
         <input_file_ref idref="fl-3"/>
      </object_component>
      <object_component id="oc-168">
         <name>.debug_str</name>
         <load_address>0xb67</load_address>
         <run_address>0xb67</run_address>
         <size>0xdd</size>
         <input_file_ref idref="fl-b"/>
      </object_component>
      <object_component id="oc-b7">
         <name>.debug_str</name>
         <load_address>0xc44</load_address>
         <run_address>0xc44</run_address>
         <size>0x105</size>
         <input_file_ref idref="fl-c2"/>
      </object_component>
      <object_component id="oc-109">
         <name>.debug_str</name>
         <load_address>0xd49</load_address>
         <run_address>0xd49</run_address>
         <size>0x140</size>
         <input_file_ref idref="fl-c2"/>
      </object_component>
      <object_component id="oc-1a7">
         <name>.debug_str</name>
         <load_address>0xe89</load_address>
         <run_address>0xe89</run_address>
         <size>0xed</size>
         <input_file_ref idref="fl-c8"/>
      </object_component>
      <object_component id="oc-1bb">
         <name>.debug_str</name>
         <load_address>0xf76</load_address>
         <run_address>0xf76</run_address>
         <size>0x157</size>
         <input_file_ref idref="fl-c8"/>
      </object_component>
      <object_component id="oc-1ac">
         <name>.debug_str</name>
         <load_address>0x10cd</load_address>
         <run_address>0x10cd</run_address>
         <size>0x150</size>
         <input_file_ref idref="fl-c8"/>
      </object_component>
      <object_component id="oc-1b1">
         <name>.debug_str</name>
         <load_address>0x121d</load_address>
         <run_address>0x121d</run_address>
         <size>0x197</size>
         <input_file_ref idref="fl-c8"/>
      </object_component>
      <object_component id="oc-2c">
         <name>.debug_aranges</name>
         <load_address>0x0</load_address>
         <run_address>0x0</run_address>
         <size>0x20</size>
         <input_file_ref idref="fl-2"/>
      </object_component>
      <object_component id="oc-31">
         <name>.debug_aranges</name>
         <load_address>0x20</load_address>
         <run_address>0x20</run_address>
         <size>0x20</size>
         <input_file_ref idref="fl-2"/>
      </object_component>
      <object_component id="oc-3c">
         <name>.debug_aranges</name>
         <load_address>0x40</load_address>
         <run_address>0x40</run_address>
         <size>0x20</size>
         <input_file_ref idref="fl-2"/>
      </object_component>
      <object_component id="oc-37">
         <name>.debug_aranges</name>
         <load_address>0x60</load_address>
         <run_address>0x60</run_address>
         <size>0x20</size>
         <input_file_ref idref="fl-2"/>
      </object_component>
      <object_component id="oc-10f">
         <name>.debug_aranges</name>
         <load_address>0x80</load_address>
         <run_address>0x80</run_address>
         <size>0x20</size>
         <input_file_ref idref="fl-3"/>
      </object_component>
      <object_component id="oc-c6">
         <name>.debug_aranges</name>
         <load_address>0xa0</load_address>
         <run_address>0xa0</run_address>
         <size>0x20</size>
         <input_file_ref idref="fl-3"/>
      </object_component>
      <object_component id="oc-41">
         <name>.debug_aranges</name>
         <load_address>0xc0</load_address>
         <run_address>0xc0</run_address>
         <size>0x20</size>
         <input_file_ref idref="fl-3"/>
      </object_component>
      <object_component id="oc-8b">
         <name>.debug_aranges</name>
         <load_address>0xe0</load_address>
         <run_address>0xe0</run_address>
         <size>0x1a8</size>
         <input_file_ref idref="fl-9"/>
      </object_component>
      <object_component id="oc-d8">
         <name>.debug_aranges</name>
         <load_address>0x288</load_address>
         <run_address>0x288</run_address>
         <size>0x90</size>
         <input_file_ref idref="fl-a"/>
      </object_component>
      <object_component id="oc-91">
         <name>.debug_aranges</name>
         <load_address>0x318</load_address>
         <run_address>0x318</run_address>
         <size>0x1d0</size>
         <input_file_ref idref="fl-b"/>
      </object_component>
      <object_component id="oc-f4">
         <name>.debug_aranges</name>
         <load_address>0x4e8</load_address>
         <run_address>0x4e8</run_address>
         <size>0x48</size>
         <input_file_ref idref="fl-c"/>
      </object_component>
      <object_component id="oc-63">
         <name>.debug_aranges</name>
         <load_address>0x530</load_address>
         <run_address>0x530</run_address>
         <size>0x20</size>
         <input_file_ref idref="fl-c2"/>
      </object_component>
      <object_component id="oc-75">
         <name>.debug_aranges</name>
         <load_address>0x550</load_address>
         <run_address>0x550</run_address>
         <size>0x20</size>
         <input_file_ref idref="fl-c5"/>
      </object_component>
      <object_component id="oc-124">
         <name>.debug_aranges</name>
         <load_address>0x570</load_address>
         <run_address>0x570</run_address>
         <size>0x20</size>
         <input_file_ref idref="fl-c8"/>
      </object_component>
      <object_component id="oc-c4">
         <name>.debug_aranges</name>
         <load_address>0x590</load_address>
         <run_address>0x590</run_address>
         <size>0x20</size>
         <input_file_ref idref="fl-c9"/>
      </object_component>
      <object_component id="oc-119">
         <name>.debug_aranges</name>
         <load_address>0x5b0</load_address>
         <run_address>0x5b0</run_address>
         <size>0x20</size>
         <input_file_ref idref="fl-cb"/>
      </object_component>
      <object_component id="oc-15">
         <name>.debug_pubnames</name>
         <load_address>0x0</load_address>
         <run_address>0x0</run_address>
         <size>0x23</size>
         <input_file_ref idref="fl-2"/>
      </object_component>
      <object_component id="oc-2d">
         <name>.debug_pubnames</name>
         <load_address>0x23</load_address>
         <run_address>0x23</run_address>
         <size>0x1f</size>
         <input_file_ref idref="fl-2"/>
      </object_component>
      <object_component id="oc-32">
         <name>.debug_pubnames</name>
         <load_address>0x42</load_address>
         <run_address>0x42</run_address>
         <size>0x1c</size>
         <input_file_ref idref="fl-2"/>
      </object_component>
      <object_component id="oc-3d">
         <name>.debug_pubnames</name>
         <load_address>0x5e</load_address>
         <run_address>0x5e</run_address>
         <size>0x28</size>
         <input_file_ref idref="fl-2"/>
      </object_component>
      <object_component id="oc-36">
         <name>.debug_pubnames</name>
         <load_address>0x86</load_address>
         <run_address>0x86</run_address>
         <size>0x1f</size>
         <input_file_ref idref="fl-2"/>
      </object_component>
      <object_component id="oc-112">
         <name>.debug_pubnames</name>
         <load_address>0xa5</load_address>
         <run_address>0xa5</run_address>
         <size>0x1f</size>
         <input_file_ref idref="fl-3"/>
      </object_component>
      <object_component id="oc-c8">
         <name>.debug_pubnames</name>
         <load_address>0xc4</load_address>
         <run_address>0xc4</run_address>
         <size>0x1b</size>
         <input_file_ref idref="fl-3"/>
      </object_component>
      <object_component id="oc-45">
         <name>.debug_pubnames</name>
         <load_address>0xdf</load_address>
         <run_address>0xdf</run_address>
         <size>0x25</size>
         <input_file_ref idref="fl-3"/>
      </object_component>
      <object_component id="oc-df">
         <name>.debug_pubnames</name>
         <load_address>0x104</load_address>
         <run_address>0x104</run_address>
         <size>0x6a</size>
         <input_file_ref idref="fl-9"/>
      </object_component>
      <object_component id="oc-8e">
         <name>.debug_pubnames</name>
         <load_address>0x16e</load_address>
         <run_address>0x16e</run_address>
         <size>0x45e</size>
         <input_file_ref idref="fl-9"/>
      </object_component>
      <object_component id="oc-155">
         <name>.debug_pubnames</name>
         <load_address>0x5cc</load_address>
         <run_address>0x5cc</run_address>
         <size>0x26</size>
         <input_file_ref idref="fl-a"/>
      </object_component>
      <object_component id="oc-158">
         <name>.debug_pubnames</name>
         <load_address>0x5f2</load_address>
         <run_address>0x5f2</run_address>
         <size>0x87</size>
         <input_file_ref idref="fl-a"/>
      </object_component>
      <object_component id="oc-dc">
         <name>.debug_pubnames</name>
         <load_address>0x679</load_address>
         <run_address>0x679</run_address>
         <size>0x12d</size>
         <input_file_ref idref="fl-a"/>
      </object_component>
      <object_component id="oc-ef">
         <name>.debug_pubnames</name>
         <load_address>0x7a6</load_address>
         <run_address>0x7a6</run_address>
         <size>0x68</size>
         <input_file_ref idref="fl-b"/>
      </object_component>
      <object_component id="oc-93">
         <name>.debug_pubnames</name>
         <load_address>0x80e</load_address>
         <run_address>0x80e</run_address>
         <size>0x572</size>
         <input_file_ref idref="fl-b"/>
      </object_component>
      <object_component id="oc-f5">
         <name>.debug_pubnames</name>
         <load_address>0xd80</load_address>
         <run_address>0xd80</run_address>
         <size>0x6a</size>
         <input_file_ref idref="fl-c"/>
      </object_component>
      <object_component id="oc-64">
         <name>.debug_pubnames</name>
         <load_address>0xdea</load_address>
         <run_address>0xdea</run_address>
         <size>0x2e</size>
         <input_file_ref idref="fl-c2"/>
      </object_component>
      <object_component id="oc-27">
         <name>.debug_pubnames</name>
         <load_address>0xe18</load_address>
         <run_address>0xe18</run_address>
         <size>0x1e</size>
         <input_file_ref idref="fl-c5"/>
      </object_component>
      <object_component id="oc-76">
         <name>.debug_pubnames</name>
         <load_address>0xe36</load_address>
         <run_address>0xe36</run_address>
         <size>0x26</size>
         <input_file_ref idref="fl-c5"/>
      </object_component>
      <object_component id="oc-125">
         <name>.debug_pubnames</name>
         <load_address>0xe5c</load_address>
         <run_address>0xe5c</run_address>
         <size>0x35</size>
         <input_file_ref idref="fl-c8"/>
      </object_component>
      <object_component id="oc-c3">
         <name>.debug_pubnames</name>
         <load_address>0xe91</load_address>
         <run_address>0xe91</run_address>
         <size>0x27</size>
         <input_file_ref idref="fl-c9"/>
      </object_component>
      <object_component id="oc-11a">
         <name>.debug_pubnames</name>
         <load_address>0xeb8</load_address>
         <run_address>0xeb8</run_address>
         <size>0x1c</size>
         <input_file_ref idref="fl-cb"/>
      </object_component>
      <object_component id="oc-a0">
         <name>.debug_pubtypes</name>
         <load_address>0x0</load_address>
         <run_address>0x0</run_address>
         <size>0x25c</size>
         <input_file_ref idref="fl-2"/>
      </object_component>
      <object_component id="oc-50">
         <name>.debug_pubtypes</name>
         <load_address>0x25c</load_address>
         <run_address>0x25c</run_address>
         <size>0xed</size>
         <input_file_ref idref="fl-2"/>
      </object_component>
      <object_component id="oc-fa">
         <name>.debug_pubtypes</name>
         <load_address>0x349</load_address>
         <run_address>0x349</run_address>
         <size>0x330</size>
         <input_file_ref idref="fl-2"/>
      </object_component>
      <object_component id="oc-e4">
         <name>.debug_pubtypes</name>
         <load_address>0x679</load_address>
         <run_address>0x679</run_address>
         <size>0x12e</size>
         <input_file_ref idref="fl-2"/>
      </object_component>
      <object_component id="oc-99">
         <name>.debug_pubtypes</name>
         <load_address>0x7a7</load_address>
         <run_address>0x7a7</run_address>
         <size>0xaa</size>
         <input_file_ref idref="fl-2"/>
      </object_component>
      <object_component id="oc-e9">
         <name>.debug_pubtypes</name>
         <load_address>0x851</load_address>
         <run_address>0x851</run_address>
         <size>0xff</size>
         <input_file_ref idref="fl-3"/>
      </object_component>
      <object_component id="oc-e2">
         <name>.debug_pubtypes</name>
         <load_address>0x950</load_address>
         <run_address>0x950</run_address>
         <size>0x1f</size>
         <input_file_ref idref="fl-9"/>
      </object_component>
      <object_component id="oc-15b">
         <name>.debug_pubtypes</name>
         <load_address>0x96f</load_address>
         <run_address>0x96f</run_address>
         <size>0x1f</size>
         <input_file_ref idref="fl-a"/>
      </object_component>
      <object_component id="oc-f8">
         <name>.debug_pubtypes</name>
         <load_address>0x98e</load_address>
         <run_address>0x98e</run_address>
         <size>0x1f</size>
         <input_file_ref idref="fl-b"/>
      </object_component>
      <object_component id="oc-b4">
         <name>.debug_pubtypes</name>
         <load_address>0x9ad</load_address>
         <run_address>0x9ad</run_address>
         <size>0x48</size>
         <input_file_ref idref="fl-c2"/>
      </object_component>
      <object_component id="oc-106">
         <name>.debug_pubtypes</name>
         <load_address>0x9f5</load_address>
         <run_address>0x9f5</run_address>
         <size>0x1d</size>
         <input_file_ref idref="fl-c2"/>
      </object_component>
      <object_component id="oc-1a4">
         <name>.debug_pubtypes</name>
         <load_address>0xa12</load_address>
         <run_address>0xa12</run_address>
         <size>0x32</size>
         <input_file_ref idref="fl-c8"/>
      </object_component>
      <object_component id="oc-1b8">
         <name>.debug_pubtypes</name>
         <load_address>0xa44</load_address>
         <run_address>0xa44</run_address>
         <size>0x30</size>
         <input_file_ref idref="fl-c8"/>
      </object_component>
      <object_component id="oc-1a9">
         <name>.debug_pubtypes</name>
         <load_address>0xa74</load_address>
         <run_address>0xa74</run_address>
         <size>0x2c</size>
         <input_file_ref idref="fl-c8"/>
      </object_component>
      <object_component id="oc-1ae">
         <name>.debug_pubtypes</name>
         <load_address>0xaa0</load_address>
         <run_address>0xaa0</run_address>
         <size>0x50</size>
         <input_file_ref idref="fl-c8"/>
      </object_component>
      <object_component id="oc-1c6">
         <name>.binit</name>
         <load_address>0x0</load_address>
         <run_address>0x0</run_address>
         <size>0x0</size>
      </object_component>
   </object_component_list>
   <logical_group_list>
      <logical_group id="lg-3" display="no" color="cyan">
         <name>.intvecs</name>
         <load_address>0x0</load_address>
         <run_address>0x0</run_address>
         <size>0x26c</size>
         <contents>
            <object_component_ref idref="oc-13"/>
         </contents>
      </logical_group>
      <logical_group id="lg-4" display="no" color="cyan">
         <name>.text</name>
         <load_address>0x26c</load_address>
         <run_address>0x26c</run_address>
         <size>0x15c4</size>
         <contents>
            <object_component_ref idref="oc-90"/>
            <object_component_ref idref="oc-8a"/>
            <object_component_ref idref="oc-d7"/>
            <object_component_ref idref="oc-c5"/>
            <object_component_ref idref="oc-40"/>
            <object_component_ref idref="oc-121"/>
            <object_component_ref idref="oc-f0"/>
            <object_component_ref idref="oc-34"/>
            <object_component_ref idref="oc-72"/>
            <object_component_ref idref="oc-10e"/>
            <object_component_ref idref="oc-60"/>
            <object_component_ref idref="oc-28"/>
            <object_component_ref idref="oc-96"/>
            <object_component_ref idref="oc-bf"/>
            <object_component_ref idref="oc-115"/>
            <object_component_ref idref="oc-3a"/>
            <object_component_ref idref="oc-2e"/>
         </contents>
      </logical_group>
      <logical_group id="lg-5" display="no" color="cyan">
         <name>.const</name>
         <load_address>0x1830</load_address>
         <run_address>0x1830</run_address>
         <size>0x588</size>
         <contents>
            <object_component_ref idref="oc-ed"/>
            <object_component_ref idref="oc-dd"/>
            <object_component_ref idref="oc-156"/>
         </contents>
      </logical_group>
      <logical_group id="lg-6" display="no" color="cyan">
         <name>.cinit</name>
         <load_address>0x1db8</load_address>
         <run_address>0x1db8</run_address>
         <size>0x14</size>
         <contents>
            <object_component_ref idref="oc-1f2"/>
            <object_component_ref idref="oc-1f0"/>
            <object_component_ref idref="oc-1f1"/>
         </contents>
      </logical_group>
      <logical_group id="lg-7" display="no" color="cyan">
         <name>.pinit</name>
         <run_address>0x0</run_address>
         <size>0x0</size>
         <contents>
         </contents>
      </logical_group>
      <logical_group id="lg-8" display="no" color="cyan">
         <name>.init_array</name>
         <run_address>0x0</run_address>
         <size>0x0</size>
         <contents>
         </contents>
      </logical_group>
      <logical_group id="lg-9" display="no" color="cyan">
         <name>.vtable</name>
         <run_address>0x20000000</run_address>
         <size>0x26c</size>
         <contents>
            <object_component_ref idref="oc-153"/>
         </contents>
      </logical_group>
      <logical_group id="lg-a" display="no" color="cyan">
         <name>.data</name>
         <run_address>0x0</run_address>
         <size>0x0</size>
         <contents>
         </contents>
      </logical_group>
      <logical_group id="lg-b" display="no" color="cyan">
         <name>.bss</name>
         <run_address>0x0</run_address>
         <size>0x0</size>
         <contents>
         </contents>
      </logical_group>
      <logical_group id="lg-c" display="no" color="cyan">
         <name>.sysmem</name>
         <run_address>0x0</run_address>
         <size>0x0</size>
         <contents>
         </contents>
      </logical_group>
      <logical_group id="lg-d" display="no" color="cyan">
         <name>.stack</name>
         <run_address>0x20000270</run_address>
         <size>0x100</size>
         <contents>
            <object_component_ref idref="oc-25"/>
            <object_component_ref idref="oc-1f4"/>
         </contents>
      </logical_group>
      <logical_group id="lg-e" display="no" color="cyan">
         <name>.TI.ramfunc</name>
         <run_address>0x0</run_address>
         <size>0x0</size>
         <contents>
         </contents>
      </logical_group>
      <logical_group id="lg-1c3" display="no" color="cyan">
         <name>.TI.noinit</name>
         <run_address>0x0</run_address>
         <size>0x0</size>
         <contents>
         </contents>
      </logical_group>
      <logical_group id="lg-1c4" display="no" color="cyan">
         <name>.TI.persistent</name>
         <run_address>0x0</run_address>
         <size>0x0</size>
         <contents>
         </contents>
      </logical_group>
      <logical_group id="lg-1c5" display="no" color="cyan">
         <name>__llvm_prf_cnts</name>
         <run_address>0x20000000</run_address>
         <size>0x0</size>
         <contents>
         </contents>
      </logical_group>
      <logical_group id="lg-1d6" display="never" color="cyan">
         <name>.debug_info</name>
         <load_address>0x0</load_address>
         <run_address>0x0</run_address>
         <size>0xc52f</size>
         <contents>
            <object_component_ref idref="oc-48"/>
            <object_component_ref idref="oc-14"/>
            <object_component_ref idref="oc-2b"/>
            <object_component_ref idref="oc-30"/>
            <object_component_ref idref="oc-3b"/>
            <object_component_ref idref="oc-35"/>
            <object_component_ref idref="oc-9f"/>
            <object_component_ref idref="oc-4f"/>
            <object_component_ref idref="oc-f9"/>
            <object_component_ref idref="oc-e3"/>
            <object_component_ref idref="oc-98"/>
            <object_component_ref idref="oc-16a"/>
            <object_component_ref idref="oc-111"/>
            <object_component_ref idref="oc-c7"/>
            <object_component_ref idref="oc-44"/>
            <object_component_ref idref="oc-e8"/>
            <object_component_ref idref="oc-e1"/>
            <object_component_ref idref="oc-de"/>
            <object_component_ref idref="oc-8d"/>
            <object_component_ref idref="oc-15a"/>
            <object_component_ref idref="oc-154"/>
            <object_component_ref idref="oc-157"/>
            <object_component_ref idref="oc-db"/>
            <object_component_ref idref="oc-f7"/>
            <object_component_ref idref="oc-ee"/>
            <object_component_ref idref="oc-92"/>
            <object_component_ref idref="oc-165"/>
            <object_component_ref idref="oc-f3"/>
            <object_component_ref idref="oc-b8"/>
            <object_component_ref idref="oc-62"/>
            <object_component_ref idref="oc-b3"/>
            <object_component_ref idref="oc-105"/>
            <object_component_ref idref="oc-26"/>
            <object_component_ref idref="oc-74"/>
            <object_component_ref idref="oc-176"/>
            <object_component_ref idref="oc-123"/>
            <object_component_ref idref="oc-1a3"/>
            <object_component_ref idref="oc-1b7"/>
            <object_component_ref idref="oc-1a8"/>
            <object_component_ref idref="oc-1ad"/>
            <object_component_ref idref="oc-c2"/>
            <object_component_ref idref="oc-118"/>
            <object_component_ref idref="oc-1f5"/>
         </contents>
      </logical_group>
      <logical_group id="lg-1d8" display="never" color="cyan">
         <name>.debug_line</name>
         <load_address>0x0</load_address>
         <run_address>0x0</run_address>
         <size>0x2296</size>
         <contents>
            <object_component_ref idref="oc-9e"/>
            <object_component_ref idref="oc-47"/>
            <object_component_ref idref="oc-2a"/>
            <object_component_ref idref="oc-33"/>
            <object_component_ref idref="oc-3e"/>
            <object_component_ref idref="oc-39"/>
            <object_component_ref idref="oc-a2"/>
            <object_component_ref idref="oc-52"/>
            <object_component_ref idref="oc-fc"/>
            <object_component_ref idref="oc-e6"/>
            <object_component_ref idref="oc-9b"/>
            <object_component_ref idref="oc-192"/>
            <object_component_ref idref="oc-113"/>
            <object_component_ref idref="oc-ca"/>
            <object_component_ref idref="oc-43"/>
            <object_component_ref idref="oc-eb"/>
            <object_component_ref idref="oc-15f"/>
            <object_component_ref idref="oc-15d"/>
            <object_component_ref idref="oc-8f"/>
            <object_component_ref idref="oc-190"/>
            <object_component_ref idref="oc-18c"/>
            <object_component_ref idref="oc-18e"/>
            <object_component_ref idref="oc-d9"/>
            <object_component_ref idref="oc-164"/>
            <object_component_ref idref="oc-161"/>
            <object_component_ref idref="oc-95"/>
            <object_component_ref idref="oc-167"/>
            <object_component_ref idref="oc-f2"/>
            <object_component_ref idref="oc-10b"/>
            <object_component_ref idref="oc-61"/>
            <object_component_ref idref="oc-b6"/>
            <object_component_ref idref="oc-108"/>
            <object_component_ref idref="oc-85"/>
            <object_component_ref idref="oc-77"/>
            <object_component_ref idref="oc-1a2"/>
            <object_component_ref idref="oc-122"/>
            <object_component_ref idref="oc-1a6"/>
            <object_component_ref idref="oc-1ba"/>
            <object_component_ref idref="oc-1ab"/>
            <object_component_ref idref="oc-1b0"/>
            <object_component_ref idref="oc-c0"/>
            <object_component_ref idref="oc-116"/>
         </contents>
      </logical_group>
      <logical_group id="lg-1da" display="never" color="cyan">
         <name>.debug_frame</name>
         <load_address>0x0</load_address>
         <run_address>0x0</run_address>
         <size>0x1038</size>
         <contents>
            <object_component_ref idref="oc-29"/>
            <object_component_ref idref="oc-2f"/>
            <object_component_ref idref="oc-3f"/>
            <object_component_ref idref="oc-38"/>
            <object_component_ref idref="oc-110"/>
            <object_component_ref idref="oc-c9"/>
            <object_component_ref idref="oc-42"/>
            <object_component_ref idref="oc-8c"/>
            <object_component_ref idref="oc-da"/>
            <object_component_ref idref="oc-94"/>
            <object_component_ref idref="oc-f1"/>
            <object_component_ref idref="oc-65"/>
            <object_component_ref idref="oc-73"/>
            <object_component_ref idref="oc-126"/>
            <object_component_ref idref="oc-c1"/>
            <object_component_ref idref="oc-117"/>
         </contents>
      </logical_group>
      <logical_group id="lg-1dc" display="never" color="cyan">
         <name>.debug_abbrev</name>
         <load_address>0x0</load_address>
         <run_address>0x0</run_address>
         <size>0xfa9</size>
         <contents>
            <object_component_ref idref="oc-9d"/>
            <object_component_ref idref="oc-46"/>
            <object_component_ref idref="oc-86"/>
            <object_component_ref idref="oc-87"/>
            <object_component_ref idref="oc-89"/>
            <object_component_ref idref="oc-88"/>
            <object_component_ref idref="oc-a1"/>
            <object_component_ref idref="oc-51"/>
            <object_component_ref idref="oc-fb"/>
            <object_component_ref idref="oc-e5"/>
            <object_component_ref idref="oc-9a"/>
            <object_component_ref idref="oc-191"/>
            <object_component_ref idref="oc-169"/>
            <object_component_ref idref="oc-114"/>
            <object_component_ref idref="oc-97"/>
            <object_component_ref idref="oc-ea"/>
            <object_component_ref idref="oc-15e"/>
            <object_component_ref idref="oc-15c"/>
            <object_component_ref idref="oc-e0"/>
            <object_component_ref idref="oc-18f"/>
            <object_component_ref idref="oc-18b"/>
            <object_component_ref idref="oc-18d"/>
            <object_component_ref idref="oc-159"/>
            <object_component_ref idref="oc-163"/>
            <object_component_ref idref="oc-160"/>
            <object_component_ref idref="oc-f6"/>
            <object_component_ref idref="oc-166"/>
            <object_component_ref idref="oc-162"/>
            <object_component_ref idref="oc-10a"/>
            <object_component_ref idref="oc-b2"/>
            <object_component_ref idref="oc-b5"/>
            <object_component_ref idref="oc-107"/>
            <object_component_ref idref="oc-84"/>
            <object_component_ref idref="oc-ce"/>
            <object_component_ref idref="oc-1a1"/>
            <object_component_ref idref="oc-175"/>
            <object_component_ref idref="oc-1a5"/>
            <object_component_ref idref="oc-1b9"/>
            <object_component_ref idref="oc-1aa"/>
            <object_component_ref idref="oc-1af"/>
            <object_component_ref idref="oc-10d"/>
            <object_component_ref idref="oc-16b"/>
            <object_component_ref idref="oc-1f6"/>
         </contents>
      </logical_group>
      <logical_group id="lg-1de" display="never" color="cyan">
         <name>.debug_str</name>
         <load_address>0x0</load_address>
         <run_address>0x0</run_address>
         <size>0x13b4</size>
         <contents>
            <object_component_ref idref="oc-a3"/>
            <object_component_ref idref="oc-53"/>
            <object_component_ref idref="oc-fd"/>
            <object_component_ref idref="oc-e7"/>
            <object_component_ref idref="oc-9c"/>
            <object_component_ref idref="oc-ec"/>
            <object_component_ref idref="oc-168"/>
            <object_component_ref idref="oc-b7"/>
            <object_component_ref idref="oc-109"/>
            <object_component_ref idref="oc-1a7"/>
            <object_component_ref idref="oc-1bb"/>
            <object_component_ref idref="oc-1ac"/>
            <object_component_ref idref="oc-1b1"/>
         </contents>
      </logical_group>
      <logical_group id="lg-1e0" display="never" color="cyan">
         <name>.debug_aranges</name>
         <load_address>0x0</load_address>
         <run_address>0x0</run_address>
         <size>0x5d0</size>
         <contents>
            <object_component_ref idref="oc-2c"/>
            <object_component_ref idref="oc-31"/>
            <object_component_ref idref="oc-3c"/>
            <object_component_ref idref="oc-37"/>
            <object_component_ref idref="oc-10f"/>
            <object_component_ref idref="oc-c6"/>
            <object_component_ref idref="oc-41"/>
            <object_component_ref idref="oc-8b"/>
            <object_component_ref idref="oc-d8"/>
            <object_component_ref idref="oc-91"/>
            <object_component_ref idref="oc-f4"/>
            <object_component_ref idref="oc-63"/>
            <object_component_ref idref="oc-75"/>
            <object_component_ref idref="oc-124"/>
            <object_component_ref idref="oc-c4"/>
            <object_component_ref idref="oc-119"/>
         </contents>
      </logical_group>
      <logical_group id="lg-1e2" display="never" color="cyan">
[...]
         <value>0xf21</value>
         <object_component_ref idref="oc-8a"/>
      </symbol>
      <symbol id="sm-11c">
         <name>GPIOPinTypeUSBDigital</name>
         <value>0xe2f</value>
         <object_component_ref idref="oc-8a"/>
      </symbol>
      <symbol id="sm-11d">
         <name>GPIOIntTypeSet</name>
         <value>0x11cb</value>
         <object_component_ref idref="oc-8a"/>
      </symbol>
      <symbol id="sm-11e">
         <name>GPIOPinTypeADC</name>
         <value>0x1043</value>
         <object_component_ref idref="oc-8a"/>
      </symbol>
      <symbol id="sm-11f">
         <name>GPIODMATriggerDisable</name>
         <value>0x12fd</value>
         <object_component_ref idref="oc-8a"/>
      </symbol>
      <symbol id="sm-120">
         <name>GPIOPinTypeGPIOInput</name>
         <value>0xf81</value>
         <object_component_ref idref="oc-8a"/>
      </symbol>
      <symbol id="sm-121">
         <name>GPIOIntUnregisterPin</name>
         <value>0x119d</value>
         <object_component_ref idref="oc-8a"/>
      </symbol>
      <symbol id="sm-122">
         <name>GPIOIntUnregister</name>
         <value>0x11b7</value>
         <object_component_ref idref="oc-8a"/>
      </symbol>
      <symbol id="sm-123">
         <name>GPIOPinTypeComparator</name>
         <value>0x1009</value>
         <object_component_ref idref="oc-8a"/>
      </symbol>
      <symbol id="sm-124">
         <name>GPIOPinTypeComparatorOutput</name>
         <value>0xff3</value>
         <object_component_ref idref="oc-8a"/>
      </symbol>
      <symbol id="sm-125">
         <name>GPIOPadConfigGet</name>
         <value>0x10a3</value>
         <object_component_ref idref="oc-8a"/>
      </symbol>
      <symbol id="sm-126">
         <name>GPIOPinTypeOneWire</name>
         <value>0xedf</value>
         <object_component_ref idref="oc-8a"/>
      </symbol>
      <symbol id="sm-127">
         <name>GPIOIntClear</name>
         <value>0x12c5</value>
         <object_component_ref idref="oc-8a"/>
      </symbol>
      <symbol id="sm-128">
         <name>GPIOADCTriggerEnable</name>
         <value>0x130b</value>
         <object_component_ref idref="oc-8a"/>
      </symbol>
      <symbol id="sm-129">
         <name>GPIOADCTriggerDisable</name>
         <value>0x1317</value>
         <object_component_ref idref="oc-8a"/>
      </symbol>
      <symbol id="sm-12a">
         <name>GPIOPinTypeUART</name>
         <value>0xe5b</value>
         <object_component_ref idref="oc-8a"/>
      </symbol>
      <symbol id="sm-12b">
         <name>GPIOIntRegisterPin</name>
         <value>0x1275</value>
         <object_component_ref idref="oc-8a"/>
      </symbol>
      <symbol id="sm-12c">
         <name>GPIOIntStatus</name>
         <value>0x1267</value>
         <object_component_ref idref="oc-8a"/>
      </symbol>
      <symbol id="sm-12d">
         <name>GPIOPinTypeDIVSCLK</name>
         <value>0xfdd</value>
         <object_component_ref idref="oc-8a"/>
      </symbol>
      <symbol id="sm-12e">
         <name>GPIOPinTypeGPIOOutput</name>
         <value>0xf67</value>
         <object_component_ref idref="oc-8a"/>
      </symbol>
      <symbol id="sm-12f">
         <name>GPIOIntTypeGet</name>
         <value>0x1223</value>
         <object_component_ref idref="oc-8a"/>
      </symbol>
      <symbol id="sm-130">
         <name>GPIOPinRead</name>
         <value>0x1059</value>
         <object_component_ref idref="oc-8a"/>
      </symbol>
      <symbol id="sm-131">
         <name>GPIODirModeSet</name>
         <value>0xc73</value>
         <object_component_ref idref="oc-8a"/>
      </symbol>
      <symbol id="sm-132">
         <name>GPIOPinTypeQEI</name>
         <value>0xeb3</value>
         <object_component_ref idref="oc-8a"/>
      </symbol>
      <symbol id="sm-133">
         <name>GPIOPinTypeHibernateRTCCLK</name>
         <value>0xf37</value>
         <object_component_ref idref="oc-8a"/>
      </symbol>
      <symbol id="sm-134">
         <name>GPIODMATriggerEnable</name>
         <value>0x12f1</value>
         <object_component_ref idref="oc-8a"/>
      </symbol>
      <symbol id="sm-135">
         <name>GPIOPinTypeEthernetMII</name>
         <value>0xf97</value>
         <object_component_ref idref="oc-8a"/>
      </symbol>
      <symbol id="sm-136">
         <name>GPIOPinWrite</name>
         <value>0xc67</value>
         <object_component_ref idref="oc-8a"/>
      </symbol>
      <symbol id="sm-137">
         <name>GPIOPadConfigSet</name>
         <value>0xc9f</value>
         <object_component_ref idref="oc-8a"/>
      </symbol>
      <symbol id="sm-138">
         <name>GPIOPinTypeLCD</name>
         <value>0xef5</value>
         <object_component_ref idref="oc-8a"/>
      </symbol>
      <symbol id="sm-139">
         <name>GPIOPinTypeSSI</name>
         <value>0xe9d</value>
         <object_component_ref idref="oc-8a"/>
      </symbol>
      <symbol id="sm-13a">
         <name>GPIOPinTypeTimer</name>
         <value>0xe87</value>
         <object_component_ref idref="oc-8a"/>
      </symbol>
      <symbol id="sm-13b">
         <name>GPIOPinTypeCAN</name>
         <value>0x102d</value>
         <object_component_ref idref="oc-8a"/>
      </symbol>
      <symbol id="sm-13c">
         <name>GPIOPinTypeEPI</name>
         <value>0xfc3</value>
         <object_component_ref idref="oc-8a"/>
      </symbol>
      <symbol id="sm-13d">
         <name>GPIOPinTypeEthernetLED</name>
         <value>0xfad</value>
         <object_component_ref idref="oc-8a"/>
      </symbol>
      <symbol id="sm-13e">
         <name>GPIOUnlockPin</name>
         <value>0xc55</value>
         <object_component_ref idref="oc-8a"/>
      </symbol>
      <symbol id="sm-13f">
         <name>GPIOPinWakeStatus</name>
         <value>0xc6d</value>
         <object_component_ref idref="oc-8a"/>
      </symbol>
      <symbol id="sm-19f">
         <name>IntPendClear</name>
         <value>0x1441</value>
         <object_component_ref idref="oc-d7"/>
      </symbol>
      <symbol id="sm-1a0">
         <name>IntPriorityGroupingGet</name>
         <value>0x13b3</value>
         <object_component_ref idref="oc-d7"/>
      </symbol>
      <symbol id="sm-1a1">
         <name>IntPrioritySet</name>
         <value>0x137f</value>
         <object_component_ref idref="oc-d7"/>
      </symbol>
      <symbol id="sm-1a2">
         <name>IntIsEnabled</name>
         <value>0x14a1</value>
         <object_component_ref idref="oc-d7"/>
      </symbol>
      <symbol id="sm-1a3">
         <name>IntEnable</name>
         <value>0x14f9</value>
         <object_component_ref idref="oc-d7"/>
      </symbol>
      <symbol id="sm-1a4">
         <name>IntTrigger</name>
         <value>0x134d</value>
         <object_component_ref idref="oc-d7"/>
      </symbol>
      <symbol id="sm-1a5">
         <name>IntPriorityGroupingSet</name>
         <value>0x139f</value>
         <object_component_ref idref="oc-d7"/>
      </symbol>
      <symbol id="sm-1a6">
         <name>IntDisable</name>
         <value>0x1555</value>
         <object_component_ref idref="oc-d7"/>
      </symbol>
      <symbol id="sm-1a7">
         <name>IntRegister</name>
         <value>0x1355</value>
         <object_component_ref idref="oc-d7"/>
      </symbol>
      <symbol id="sm-1a8">
         <name>IntPriorityGet</name>
         <value>0x13d9</value>
         <object_component_ref idref="oc-d7"/>
      </symbol>
      <symbol id="sm-1a9">
         <name>IntMasterDisable</name>
         <value>0x1491</value>
         <object_component_ref idref="oc-d7"/>
      </symbol>
      <symbol id="sm-1aa">
         <name>IntUnregister</name>
         <value>0x1343</value>
         <object_component_ref idref="oc-d7"/>
      </symbol>
      <symbol id="sm-1ab">
         <name>g_pfnRAMVectors</name>
         <value>0x20000000</value>
         <object_component_ref idref="oc-153"/>
      </symbol>
      <symbol id="sm-1ac">
         <name>IntMasterEnable</name>
         <value>0x1481</value>
         <object_component_ref idref="oc-d7"/>
      </symbol>
      <symbol id="sm-1ad">
         <name>IntPendSet</name>
         <value>0x13f3</value>
         <object_component_ref idref="oc-d7"/>
      </symbol>
      <symbol id="sm-282">
         <name>SysCtlGPIOAHBEnable</name>
         <value>0x695</value>
         <object_component_ref idref="oc-90"/>
      </symbol>
      <symbol id="sm-283">
         <name>SysCtlIntRegister</name>
         <value>0x661</value>
         <object_component_ref idref="oc-90"/>
      </symbol>
      <symbol id="sm-284">
         <name>SysCtlFlashSizeGet</name>
         <value>0x6c7</value>
         <object_component_ref idref="oc-90"/>
      </symbol>
      <symbol id="sm-285">
         <name>SysCtlPeripheralDeepSleepEnable</name>
         <value>0x505</value>
         <object_component_ref idref="oc-90"/>
      </symbol>
      <symbol id="sm-286">
         <name>SysCtlLDODeepSleepGet</name>
         <value>0x62d</value>
         <object_component_ref idref="oc-90"/>
      </symbol>
      <symbol id="sm-287">
         <name>SysCtlFlashSectorSizeGet</name>
         <value>0x6f5</value>
         <object_component_ref idref="oc-90"/>
      </symbol>
      <symbol id="sm-288">
         <name>SysCtlIntDisable</name>
         <value>0x67f</value>
         <object_component_ref idref="oc-90"/>
      </symbol>
      <symbol id="sm-289">
         <name>SysCtlResetBehaviorGet</name>
         <value>0x331</value>
         <object_component_ref idref="oc-90"/>
      </symbol>
      <symbol id="sm-28a">
         <name>SysCtlPeripheralPresent</name>
         <value>0x41b</value>
         <object_component_ref idref="oc-90"/>
      </symbol>
      <symbol id="sm-28b">
         <name>SysCtlDeepSleepClockSet</name>
         <value>0x723</value>
         <object_component_ref idref="oc-90"/>
      </symbol>
      <symbol id="sm-28c">
         <name>SysCtlClockSet</name>
         <value>0x7b5</value>
         <object_component_ref idref="oc-90"/>
      </symbol>
      <symbol id="sm-28d">
         <name>SysCtlAltClkConfig</name>
         <value>0xc21</value>
         <object_component_ref idref="oc-90"/>
      </symbol>
      <symbol id="sm-28e">
         <name>SysCtlPeripheralClockGating</name>
         <value>0x561</value>
         <object_component_ref idref="oc-90"/>
      </symbol>
      <symbol id="sm-28f">
         <name>SysCtlIntStatus</name>
         <value>0x64d</value>
         <object_component_ref idref="oc-90"/>
      </symbol>
      <symbol id="sm-290">
         <name>SysCtlIntClear</name>
         <value>0x68d</value>
         <object_component_ref idref="oc-90"/>
      </symbol>
      <symbol id="sm-291">
         <name>SysCtlVoltageEventStatus</name>
         <value>0x26d</value>
         <object_component_ref idref="oc-90"/>
      </symbol>
      <symbol id="sm-292">
         <name>SysCtlVoltageEventConfig</name>
         <value>0x273</value>
         <object_component_ref idref="oc-90"/>
      </symbol>
      <symbol id="sm-293">
         <name>SysCtlResetCauseGet</name>
         <value>0x313</value>
         <object_component_ref idref="oc-90"/>
      </symbol>
      <symbol id="sm-294">
         <name>SysCtlPWMClockGet</name>
         <value>0x5a9</value>
         <object_component_ref idref="oc-90"/>
      </symbol>
      <symbol id="sm-295">
         <name>SysCtlDeepSleepPowerSet</name>
         <value>0x71d</value>
         <object_component_ref idref="oc-90"/>
      </symbol>
      <symbol id="sm-296">
         <name>SysCtlClockOutConfig</name>
         <value>0x891</value>
         <object_component_ref idref="oc-90"/>
      </symbol>
      <symbol id="sm-297">
         <name>SysCtlNMIStatus</name>
         <value>0x5f3</value>
         <object_component_ref idref="oc-90"/>
      </symbol>
      <symbol id="sm-298">
         <name>SysCtlDeepSleepClockConfigSet</name>
         <value>0x731</value>
         <object_component_ref idref="oc-90"/>
      </symbol>
      <symbol id="sm-299">
         <name>SysCtlDelay</name>
         <value>0x181f</value>
         <object_component_ref idref="oc-96"/>
      </symbol>
      <symbol id="sm-29a">
         <name>SysCtlVoltageEventClear</name>
         <value>0x27b</value>
         <object_component_ref idref="oc-90"/>
      </symbol>
      <symbol id="sm-29b">
         <name>SysCtlLDOSleepSet</name>
         <value>0x611</value>
         <object_component_ref idref="oc-90"/>
      </symbol>
      <symbol id="sm-29c">
         <name>SysCtlMOSCConfigSet</name>
         <value>0x609</value>
         <object_component_ref idref="oc-90"/>
      </symbol>
      <symbol id="sm-29d">
         <name>SysCtlPeripheralEnable</name>
         <value>0x4a9</value>
         <object_component_ref idref="oc-90"/>
      </symbol>
      <symbol id="sm-29e">
         <name>SysCtlIntEnable</name>
         <value>0x673</value>
         <object_component_ref idref="oc-90"/>
      </symbol>
      <symbol id="sm-29f">
         <name>SysCtlNMIClear</name>
         <value>0x5fb</value>
         <object_component_ref idref="oc-90"/>
      </symbol>
      <symbol id="sm-2a0">
         <name>SysCtlPeripheralPowerOff</name>
         <value>0x47b</value>
         <object_component_ref idref="oc-90"/>
      </symbol>
      <symbol id="sm-2a1">
         <name>SysCtlSleepPowerSet</name>
         <value>0x2ff</value>
         <object_component_ref idref="oc-90"/>
      </symbol>
      <symbol id="sm-2a2">
         <name>SysCtlDeepSleep</name>
         <value>0x78d</value>
         <object_component_ref idref="oc-90"/>
      </symbol>
      <symbol id="sm-2a3">
         <name>SysCtlLDODeepSleepSet</name>
         <value>0x625</value>
         <object_component_ref idref="oc-90"/>
      </symbol>
      <symbol id="sm-2a4">
         <name>SysCtlPeripheralPowerOn</name>
         <value>0x44d</value>
         <object_component_ref idref="oc-90"/>
      </symbol>
      <symbol id="sm-2a5">
         <name>SysCtlPeripheralDeepSleepDisable</name>
         <value>0x533</value>
         <object_component_ref idref="oc-90"/>
      </symbol>
      <symbol id="sm-2a6">
         <name>SysCtlPeripheralSleepDisable</name>
         <value>0x36f</value>
         <object_component_ref idref="oc-90"/>
      </symbol>
      <symbol id="sm-2a7">
         <name>SysCtlVCOGet</name>
         <value>0x285</value>
         <object_component_ref idref="oc-90"/>
      </symbol>
      <symbol id="sm-2a8">
         <name>SysCtlResetBehaviorSet</name>
         <value>0x329</value>
         <object_component_ref idref="oc-90"/>
      </symbol>
      <symbol id="sm-2a9">
         <name>SysCtlReset</name>
         <value>0x339</value>
         <object_component_ref idref="oc-90"/>
      </symbol>
      <symbol id="sm-2aa">
         <name>SysCtlGPIOAHBDisable</name>
         <value>0x6b1</value>
         <object_component_ref idref="oc-90"/>
      </symbol>
      <symbol id="sm-2ab">
         <name>SysCtlSRAMSizeGet</name>
         <value>0x305</value>
         <object_component_ref idref="oc-90"/>
      </symbol>
      <symbol id="sm-2ac">
         <name>SysCtlClockGet</name>
         <value>0x8ad</value>
         <object_component_ref idref="oc-90"/>
      </symbol>
      <symbol id="sm-2ad">
         <name>SysCtlPeripheralDisable</name>
         <value>0x4d7</value>
         <object_component_ref idref="oc-90"/>
      </symbol>
      <symbol id="sm-2ae">
         <name>SysCtlPWMClockSet</name>
         <value>0x59b</value>
         <object_component_ref idref="oc-90"/>
      </symbol>
      <symbol id="sm-2af">
         <name>SysCtlUSBPLLEnable</name>
         <value>0x2e3</value>
         <object_component_ref idref="oc-90"/>
      </symbol>
      <symbol id="sm-2b0">
         <name>SysCtlPeripheralSleepEnable</name>
         <value>0x341</value>
         <object_component_ref idref="oc-90"/>
      </symbol>
      <symbol id="sm-2b1">
         <name>SysCtlIntUnregister</name>
         <value>0x63d</value>
         <object_component_ref idref="oc-90"/>
      </symbol>
      <symbol id="sm-2b2">
         <name>SysCtlUSBPLLDisable</name>
         <value>0x2f1</value>
         <object_component_ref idref="oc-90"/>
      </symbol>
      <symbol id="sm-2b3">
         <name>SysCtlPeripheralReady</name>
         <value>0x3e9</value>
         <object_component_ref idref="oc-90"/>
      </symbol>
      <symbol id="sm-2b4">
         <name>SysCtlPIOSCCalibrate</name>
         <value>0x5bb</value>
         <object_component_ref idref="oc-90"/>
      </symbol>
      <symbol id="sm-2b5">
         <name>SysCtlResetCauseClear</name>
         <value>0x31b</value>
         <object_component_ref idref="oc-90"/>
      </symbol>
      <symbol id="sm-2b6">
         <name>SysCtlLDOSleepGet</name>
         <value>0x619</value>
         <object_component_ref idref="oc-90"/>
      </symbol>
      <symbol id="sm-2b7">
         <name>SysCtlClockFreqSet</name>
         <value>0x9f9</value>
         <object_component_ref idref="oc-90"/>
      </symbol>
      <symbol id="sm-2b8">
         <name>SysCtlPeripheralReset</name>
         <value>0x39d</value>
         <object_component_ref idref="oc-90"/>
      </symbol>
      <symbol id="sm-2c7">
         <name>CPUbasepriGet</name>
         <value>0x1795</value>
         <object_component_ref idref="oc-f0"/>
      </symbol>
      <symbol id="sm-2c8">
         <name>CPUbasepriSet</name>
         <value>0x178f</value>
         <object_component_ref idref="oc-f0"/>
      </symbol>
      <symbol id="sm-2c9">
         <name>CPUprimask</name>
         <value>0x176d</value>
         <object_component_ref idref="oc-f0"/>
      </symbol>
      <symbol id="sm-2ca">
         <name>CPUcpsie</name>
         <value>0x1777</value>
         <object_component_ref idref="oc-f0"/>
      </symbol>
      <symbol id="sm-2cb">
         <name>CPUcpsid</name>
         <value>0x1783</value>
         <object_component_ref idref="oc-f0"/>
      </symbol>
      <symbol id="sm-2cc">
         <name>CPUwfi</name>
         <value>0x1769</value>
         <object_component_ref idref="oc-f0"/>
      </symbol>
      <symbol id="sm-2e5">
         <name>__TI_zero_init_nomemset</name>
         <value>0x17fd</value>
         <object_component_ref idref="oc-60"/>
      </symbol>
      <symbol id="sm-2fa">
         <name>__stack</name>
         <value>0x20000270</value>
         <object_component_ref idref="oc-25"/>
      </symbol>
      <symbol id="sm-2fb">
         <name>_c_int00_noargs</name>
         <value>0x17a1</value>
         <object_component_ref idref="oc-72"/>
      </symbol>
      <symbol id="sm-325">
         <name>__TI_auto_init_nobinit_nopinit</name>
         <value>0x1725</value>
         <object_component_ref idref="oc-121"/>
      </symbol>
      <symbol id="sm-32f">
         <name>_system_pre_init</name>
         <value>0x1825</value>
         <object_component_ref idref="oc-bf"/>
      </symbol>
      <symbol id="sm-33b">
         <name>C$$EXIT</name>
         <value>0x1829</value>
         <object_component_ref idref="oc-115"/>
      </symbol>
      <symbol id="sm-33c">
         <name>abort</name>
         <value>0x1829</value>
         <object_component_ref idref="oc-115"/>
      </symbol>
      <symbol id="sm-33f">
         <name>__TI_static_base__</name>
         <value>0x0</value>
      </symbol>
      <symbol id="sm-341">
         <name>__mpu_init</name>
         <value>0x0</value>
      </symbol>
      <symbol id="sm-342">
         <name>_system_post_cinit</name>
         <value>0x0</value>
      </symbol>
      <symbol id="sm-343">
         <name>IntPriorityMaskSet</name>
         <value>0x178f</value>
      </symbol>
      <symbol id="sm-344">
         <name>IntPriorityMaskGet</name>
         <value>0x1795</value>
      </symbol>
      <symbol id="sm-345">
         <name>SysCtlSleep</name>
         <value>0x1769</value>
      </symbol>
   </symbol_table>
   <title>Link successful</title>
</link_info>
