******************************************************************************
                  TI ARM Linker PC v20.2.5                     
******************************************************************************
>> Linked Fri Dec 23 00:55:48 2022

OUTPUT FILE NAME:   <uart_echo.out>
ENTRY POINT SYMBOL: "_c_int00_noargs"  address: 000017a1


MEMORY CONFIGURATION

         name            origin    length      used     unused   attr    fill
----------------------  --------  ---------  --------  --------  ----  --------
  FLASH                 00000000   00040000  00001dcc  0003e234  R  X
  SRAM                  20000000   00008000  0000036c  00007c94  RW X


SEGMENT ALLOCATION MAP

run origin  load origin   length   init length attrs members
----------  ----------- ---------- ----------- ----- -------
00000000    00000000    00001dcc   00001dcc    r-x
  00000000    00000000    0000026c   0000026c    r-- .intvecs
  0000026c    0000026c    000015c4   000015c4    r-x .text
  00001830    00001830    00000588   00000588    r-- .const
  00001db8    00001db8    00000014   00000014    r-- .cinit
20000000    20000000    00000370   00000000    rw-
  20000000    20000000    0000026c   00000000    rw- .vtable
  20000270    20000270    00000100   00000000    rw- .stack


SECTION ALLOCATION MAP

 output                                  attributes/
section   page    origin      length       input sections
--------  ----  ----------  ----------   ----------------
.intvecs   0    00000000    0000026c     
                  00000000    0000026c     startup_ccs.obj (.intvecs)

.text      0    0000026c    000015c4     
                  0000026c    000009e8     driverlib.lib : sysctl.obj (.text)
                  00000c54    000006ec                   : gpio.obj (.text)
                  00001340    0000029c                   : interrupt.obj (.text)
                  000015dc    000000d0     uart_echo.obj (.text:main)
                  000016ac    00000078     uart_echo.obj (.text:UARTIntHandler)
                  00001724    00000044     rtsv7M4_T_le_v4SPD16_eabi.lib : autoinit.c.obj (.text:__TI_auto_init_nobinit_nopinit:__TI_auto_init_nobinit_nopinit)
                  00001768    00000036     driverlib.lib : cpu.obj (.text)
                  0000179e    00000002     startup_ccs.obj (.text:FaultISR)
                  000017a0    00000034     rtsv7M4_T_le_v4SPD16_eabi.lib : boot_cortex_m.c.obj (.text:_c_int00_noargs:_c_int00_noargs)
                  000017d4    00000028     uart_echo.obj (.text:UARTSend)
                  000017fc    0000001c     rtsv7M4_T_le_v4SPD16_eabi.lib : copy_zero_init.c.obj (.text:decompress:ZI:__TI_zero_init_nomemset:__TI_zero_init_nomemset)
                  00001818    00000006     startup_ccs.obj (.text:ResetISR)
                  0000181e    00000006     driverlib.lib : sysctl.obj (.text:SysCtlDelay)
                  00001824    00000004     rtsv7M4_T_le_v4SPD16_eabi.lib : pre_init.c.obj (.text:_system_pre_init)
                  00001828    00000004                                   : exit.c.obj (.text:abort:abort)
                  0000182c    00000002     startup_ccs.obj (.text:IntDefaultHandler)
                  0000182e    00000002     startup_ccs.obj (.text:NmiSR)

.const     0    00001830    00000588     
                  00001830    00000254     driverlib.lib : sysctl.obj (.const:$O1$$)
                  00001a84    00000228                   : gpio.obj (.const:$O1$$)
                  00001cac    0000010c                   : interrupt.obj (.const:$O1$$)

.cinit     0    00001db8    00000014     
                  00001db8    00000008     (.cinit..vtable.load) [load image, compression = zero_init]
                  00001dc0    00000004     (__TI_handler_table)
                  00001dc4    00000008     (__TI_cinit_table)

.init_array 
*          0    00000000    00000000     UNINITIALIZED

.vtable    0    20000000    0000026c     UNINITIALIZED
                  20000000    0000026c     driverlib.lib : interrupt.obj (.vtable)

.stack     0    20000270    00000100     UNINITIALIZED
                  20000270    00000004     rtsv7M4_T_le_v4SPD16_eabi.lib : boot_cortex_m.c.obj (.stack)
                  20000274    000000fc     --HOLE--

__llvm_prf_cnts 
*          0    20000000    00000000     UNINITIALIZED

.binit     0    00000000    00000000     

MODULE SUMMARY

       Module                 code   ro data   rw data
       ------                 ----   -------   -------
    .\
       startup_ccs.obj        12     620       0      
       uart_echo.obj          368    0         0      
    +--+----------------------+------+---------+---------+
       Total:                 380    620       0      
                                                      
    C:\ti\ccs1110\ccs\tools\compiler\ti-cgt-arm_20.2.5.LTS\lib\rtsv7M4_T_le_v4SPD16_eabi.lib
       autoinit.c.obj         68     0         0      
       boot_cortex_m.c.obj    52     0         0      
       copy_zero_init.c.obj   28     0         0      
       exit.c.obj             4      0         0      
       pre_init.c.obj         4      0         0      
    +--+----------------------+------+---------+---------+
       Total:                 156    0         0      
                                                      
    D:/Workspace/tivaC/TivaWare/driverlib/ccs/Debug/driverlib.lib
       sysctl.obj             2542   596       0      
       gpio.obj               1772   552       0      
       interrupt.obj          668    268       620    
       cpu.obj                54     0         0      
    +--+----------------------+------+---------+---------+
       Total:                 5036   1416      620    
                                                      
       Stack:                 0      0         256    
       Linker Generated:      0      20        0      
    +--+----------------------+------+---------+---------+
       Grand Total:           5572   2056      876    


LINKER GENERATED COPY TABLES

__TI_cinit_table @ 00001dc4 records: 1, size/record: 8, table size: 8
	.vtable: load addr=00001db8, load size=00000008 bytes, run addr=20000000, run size=0000026c bytes, compression=zero_init


LINKER GENERATED HANDLER TABLE

__TI_handler_table @ 00001dc0 records: 1, size/record: 4, table size: 4
	index: 0, handler: __TI_zero_init


GLOBAL SYMBOLS: SORTED ALPHABETICALLY BY Name 

address   name                            
-------   ----                            
00001829  C$$EXIT                         
00001795  CPUbasepriGet                   
0000178f  CPUbasepriSet                   
00001783  CPUcpsid                        
00001777  CPUcpsie                        
0000176d  CPUprimask                      
00001769  CPUwfi                          
00001317  GPIOADCTriggerDisable           
0000130b  GPIOADCTriggerEnable            
000012fd  GPIODMATriggerDisable           
000012f1  GPIODMATriggerEnable            
000012cb  GPIODirModeGet                  
00000c73  GPIODirModeSet                  
000012c5  GPIOIntClear                    
000012b7  GPIOIntDisable                  
000012ab  GPIOIntEnable                   
00001293  GPIOIntRegister                 
00001275  GPIOIntRegisterPin              
00001267  GPIOIntStatus                   
00001223  GPIOIntTypeGet                  
000011cb  GPIOIntTypeSet                  
000011b7  GPIOIntUnregister               
0000119d  GPIOIntUnregisterPin            
000010a3  GPIOPadConfigGet                
00000c9f  GPIOPadConfigSet                
0000105f  GPIOPinConfigure                
00001059  GPIOPinRead                     
00001043  GPIOPinTypeADC                  
0000102d  GPIOPinTypeCAN                  
00001009  GPIOPinTypeComparator           
00000ff3  GPIOPinTypeComparatorOutput     
00000fdd  GPIOPinTypeDIVSCLK              
00000fc3  GPIOPinTypeEPI                  
00000fad  GPIOPinTypeEthernetLED          
00000f97  GPIOPinTypeEthernetMII          
00000f81  GPIOPinTypeGPIOInput            
00000f67  GPIOPinTypeGPIOOutput           
00000f4d  GPIOPinTypeGPIOOutputOD         
00000f37  GPIOPinTypeHibernateRTCCLK      
00000f21  GPIOPinTypeI2C                  
00000f0b  GPIOPinTypeI2CSCL               
00000ef5  GPIOPinTypeLCD                  
00000edf  GPIOPinTypeOneWire              
00000ec9  GPIOPinTypePWM                  
00000eb3  GPIOPinTypeQEI                  
00000e9d  GPIOPinTypeSSI                  
00000e87  GPIOPinTypeTimer                
00000e71  GPIOPinTypeTrace                
00000e5b  GPIOPinTypeUART                 
00000e45  GPIOPinTypeUSBAnalog            
00000e2f  GPIOPinTypeUSBDigital           
00000e17  GPIOPinTypeWakeHigh             
00000dff  GPIOPinTypeWakeLow              
00000c6d  GPIOPinWakeStatus               
00000c67  GPIOPinWrite                    
00000c55  GPIOUnlockPin                   
00001555  IntDisable                      
000014f9  IntEnable                       
000014a1  IntIsEnabled                    
00001491  IntMasterDisable                
00001481  IntMasterEnable                 
00001441  IntPendClear                    
000013f3  IntPendSet                      
000013d9  IntPriorityGet                  
000013b3  IntPriorityGroupingGet          
0000139f  IntPriorityGroupingSet          
00001795  IntPriorityMaskGet              
0000178f  IntPriorityMaskSet              
0000137f  IntPrioritySet                  
00001355  IntRegister                     
0000134d  IntTrigger                      
00001343  IntUnregister                   
00001819  ResetISR                        
00000c21  SysCtlAltClkConfig              
000009f9  SysCtlClockFreqSet              
000008ad  SysCtlClockGet                  
00000891  SysCtlClockOutConfig            
000007b5  SysCtlClockSet                  
0000078d  SysCtlDeepSleep                 
00000731  SysCtlDeepSleepClockConfigSet   
00000723  SysCtlDeepSleepClockSet         
0000071d  SysCtlDeepSleepPowerSet         
0000181f  SysCtlDelay                     
000006f5  SysCtlFlashSectorSizeGet        
000006c7  SysCtlFlashSizeGet              
000006b1  SysCtlGPIOAHBDisable            
00000695  SysCtlGPIOAHBEnable             
0000068d  SysCtlIntClear                  
0000067f  SysCtlIntDisable                
00000673  SysCtlIntEnable                 
00000661  SysCtlIntRegister               
0000064d  SysCtlIntStatus                 
0000063d  SysCtlIntUnregister             
0000062d  SysCtlLDODeepSleepGet           
00000625  SysCtlLDODeepSleepSet           
00000619  SysCtlLDOSleepGet               
00000611  SysCtlLDOSleepSet               
00000609  SysCtlMOSCConfigSet             
000005fb  SysCtlNMIClear                  
000005f3  SysCtlNMIStatus                 
000005bb  SysCtlPIOSCCalibrate            
000005a9  SysCtlPWMClockGet               
0000059b  SysCtlPWMClockSet               
00000561  SysCtlPeripheralClockGating     
00000533  SysCtlPeripheralDeepSleepDisable
00000505  SysCtlPeripheralDeepSleepEnable 
000004d7  SysCtlPeripheralDisable         
000004a9  SysCtlPeripheralEnable          
0000047b  SysCtlPeripheralPowerOff        
0000044d  SysCtlPeripheralPowerOn         
0000041b  SysCtlPeripheralPresent         
000003e9  SysCtlPeripheralReady           
0000039d  SysCtlPeripheralReset           
0000036f  SysCtlPeripheralSleepDisable    
00000341  SysCtlPeripheralSleepEnable     
00000339  SysCtlReset                     
00000331  SysCtlResetBehaviorGet          
00000329  SysCtlResetBehaviorSet          
0000031b  SysCtlResetCauseClear           
00000313  SysCtlResetCauseGet             
00000305  SysCtlSRAMSizeGet               
00001769  SysCtlSleep                     
000002ff  SysCtlSleepPowerSet             
000002f1  SysCtlUSBPLLDisable             
000002e3  SysCtlUSBPLLEnable              
00000285  SysCtlVCOGet                    
0000027b  SysCtlVoltageEventClear         
00000273  SysCtlVoltageEventConfig        
0000026d  SysCtlVoltageEventStatus        
000016ad  UARTIntHandler                  
000017d5  UARTSend                        
20000370  __STACK_END                     
00000100  __STACK_SIZE                    
20000370  __STACK_TOP                     
00001dc4  __TI_CINIT_Base                 
00001dcc  __TI_CINIT_Limit                
00001dc0  __TI_Handler_Table_Base         
00001dc4  __TI_Handler_Table_Limit        
00001725  __TI_auto_init_nobinit_nopinit  
ffffffff  __TI_pprof_out_hndl             
ffffffff  __TI_prof_data_size             
ffffffff  __TI_prof_data_start            
00000000  __TI_static_base__              
000017fd  __TI_zero_init_nomemset         
ffffffff  __binit__                       
ffffffff  __c_args__                      
UNDEFED   __mpu_init                      
20000270  __stack                         
20000000  __start___llvm_prf_cnts         
20000000  __stop___llvm_prf_cnts          
000017a1  _c_int00_noargs                 
UNDEFED   _system_post_cinit              
00001825  _system_pre_init                
00001829  abort                           
ffffffff  binit                           
20000000  g_pfnRAMVectors                 
00000000  g_pfnVectors                    
000015dd  main                            


GLOBAL SYMBOLS: SORTED BY Symbol Address 

address   name                            
-------   ----                            
00000000  __TI_static_base__              
00000000  g_pfnVectors                    
00000100  __STACK_SIZE                    
0000026d  SysCtlVoltageEventStatus        
00000273  SysCtlVoltageEventConfig        
0000027b  SysCtlVoltageEventClear         
00000285  SysCtlVCOGet                    
000002e3  SysCtlUSBPLLEnable              
000002f1  SysCtlUSBPLLDisable             
000002ff  SysCtlSleepPowerSet             
00000305  SysCtlSRAMSizeGet               
00000313  SysCtlResetCauseGet             
0000031b  SysCtlResetCauseClear           
00000329  SysCtlResetBehaviorSet          
00000331  SysCtlResetBehaviorGet          
00000339  SysCtlReset                     
00000341  SysCtlPeripheralSleepEnable     
0000036f  SysCtlPeripheralSleepDisable    
0000039d  SysCtlPeripheralReset           
000003e9  SysCtlPeripheralReady           
0000041b  SysCtlPeripheralPresent         
0000044d  SysCtlPeripheralPowerOn         
0000047b  SysCtlPeripheralPowerOff        
000004a9  SysCtlPeripheralEnable          
000004d7  SysCtlPeripheralDisable         
00000505  SysCtlPeripheralDeepSleepEnable 
00000533  SysCtlPeripheralDeepSleepDisable
00000561  SysCtlPeripheralClockGating     
0000059b  SysCtlPWMClockSet               
000005a9  SysCtlPWMClockGet               
000005bb  SysCtlPIOSCCalibrate            
000005f3  SysCtlNMIStatus                 
000005fb  SysCtlNMIClear                  
00000609  SysCtlMOSCConfigSet             
00000611  SysCtlLDOSleepSet               
00000619  SysCtlLDOSleepGet               
00000625  SysCtlLDODeepSleepSet           
0000062d  SysCtlLDODeepSleepGet           
0000063d  SysCtlIntUnregister             
0000064d  SysCtlIntStatus                 
00000661  SysCtlIntRegister               
00000673  SysCtlIntEnable                 
0000067f  SysCtlIntDisable                
0000068d  SysCtlIntClear                  
00000695  SysCtlGPIOAHBEnable             
000006b1  SysCtlGPIOAHBDisable            
000006c7  SysCtlFlashSizeGet              
000006f5  SysCtlFlashSectorSizeGet        
0000071d  SysCtlDeepSleepPowerSet         
00000723  SysCtlDeepSleepClockSet         
00000731  SysCtlDeepSleepClockConfigSet   
0000078d  SysCtlDeepSleep                 
000007b5  SysCtlClockSet                  
00000891  SysCtlClockOutConfig            
000008ad  SysCtlClockGet                  
000009f9  SysCtlClockFreqSet              
00000c21  SysCtlAltClkConfig              
00000c55  GPIOUnlockPin                   
00000c67  GPIOPinWrite                    
00000c6d  GPIOPinWakeStatus               
00000c73  GPIODirModeSet                  
00000c9f  GPIOPadConfigSet                
00000dff  GPIOPinTypeWakeLow              
00000e17  GPIOPinTypeWakeHigh             
00000e2f  GPIOPinTypeUSBDigital           
00000e45  GPIOPinTypeUSBAnalog            
00000e5b  GPIOPinTypeUART                 
00000e71  GPIOPinTypeTrace                
00000e87  GPIOPinTypeTimer                
00000e9d  GPIOPinTypeSSI                  
00000eb3  GPIOPinTypeQEI                  
00000ec9  GPIOPinTypePWM                  
00000edf  GPIOPinTypeOneWire              
00000ef5  GPIOPinTypeLCD                  
00000f0b  GPIOPinTypeI2CSCL               
00000f21  GPIOPinTypeI2C                  
00000f37  GPIOPinTypeHibernateRTCCLK      
00000f4d  GPIOPinTypeGPIOOutputOD         
00000f67  GPIOPinTypeGPIOOutput           
00000f81  GPIOPinTypeGPIOInput            
00000f97  GPIOPinTypeEthernetMII          
00000fad  GPIOPinTypeEthernetLED          
00000fc3  GPIOPinTypeEPI                  
00000fdd  GPIOPinTypeDIVSCLK              
00000ff3  GPIOPinTypeComparatorOutput     
00001009  GPIOPinTypeComparator           
0000102d  GPIOPinTypeCAN                  
00001043  GPIOPinTypeADC                  
00001059  GPIOPinRead                     
0000105f  GPIOPinConfigure                
000010a3  GPIOPadConfigGet                
0000119d  GPIOIntUnregisterPin            
000011b7  GPIOIntUnregister               
000011cb  GPIOIntTypeSet                  
00001223  GPIOIntTypeGet                  
00001267  GPIOIntStatus                   
00001275  GPIOIntRegisterPin              
00001293  GPIOIntRegister                 
000012ab  GPIOIntEnable                   
000012b7  GPIOIntDisable                  
000012c5  GPIOIntClear                    
000012cb  GPIODirModeGet                  
000012f1  GPIODMATriggerEnable            
000012fd  GPIODMATriggerDisable           
0000130b  GPIOADCTriggerEnable            
00001317  GPIOADCTriggerDisable           
00001343  IntUnregister                   
0000134d  IntTrigger                      
00001355  IntRegister                     
0000137f  IntPrioritySet                  
0000139f  IntPriorityGroupingSet          
000013b3  IntPriorityGroupingGet          
000013d9  IntPriorityGet                  
000013f3  IntPendSet                      
00001441  IntPendClear                    
00001481  IntMasterEnable                 
00001491  IntMasterDisable                
000014a1  IntIsEnabled                    
000014f9  IntEnable                       
00001555  IntDisable                      
000015dd  main                            
000016ad  UARTIntHandler                  
00001725  __TI_auto_init_nobinit_nopinit  
00001769  CPUwfi                          
00001769  SysCtlSleep                     
0000176d  CPUprimask                      
00001777  CPUcpsie                        
00001783  CPUcpsid                        
0000178f  CPUbasepriSet                   
0000178f  IntPriorityMaskSet              
00001795  CPUbasepriGet                   
00001795  IntPriorityMaskGet              
000017a1  _c_int00_noargs                 
000017d5  UARTSend                        
000017fd  __TI_zero_init_nomemset         
00001819  ResetISR                        
0000181f  SysCtlDelay                     
00001825  _system_pre_init                
00001829  C$$EXIT                         
00001829  abort                           
00001dc0  __TI_Handler_Table_Base         
00001dc4  __TI_CINIT_Base                 
00001dc4  __TI_Handler_Table_Limit        
00001dcc  __TI_CINIT_Limit                
20000000  __start___llvm_prf_cnts         
20000000  __stop___llvm_prf_cnts          
20000000  g_pfnRAMVectors                 
20000270  __stack                         
20000370  __STACK_END                     
20000370  __STACK_TOP                     
ffffffff  __TI_pprof_out_hndl             
ffffffff  __TI_prof_data_size             
ffffffff  __TI_prof_data_start            
ffffffff  __binit__                       
ffffffff  __c_args__                      
ffffffff  binit                           
UNDEFED   __mpu_init                      
UNDEFED   _system_post_cinit              

[158 symbols]
