******************************************************************************
                  TI ARM Linker Unix v20.2.2                   
******************************************************************************
>> Linked Tue Feb  2 14:35:04 2021

OUTPUT FILE NAME:   <boot_demo1.out>
ENTRY POINT SYMBOL: "_c_int00_noinit_noargs"  address: 00002e89


MEMORY CONFIGURATION

         name            origin    length      used     unused   attr    fill
----------------------  --------  ---------  --------  --------  ----  --------
  FLASH                 00002800   0003d800  00000772  0003d08e  R  X
  SRAM                  20000000   00008000  00000400  00007c00  RW X


SEGMENT ALLOCATION MAP

run origin  load origin   length   init length attrs members
----------  ----------- ---------- ----------- ----- -------
00002800    00002800    00000774   00000774    r-x
  00002800    00002800    0000026c   0000026c    r-- .intvecs
  00002a6c    00002a6c    0000049a   0000049a    r-x .text
  00002f08    00002f08    0000006c   0000006c    r-- .const
20000000    20000000    00000400   00000000    rw-
  20000000    20000000    00000400   00000000    rw- .stack


SECTION ALLOCATION MAP

 output                                  attributes/
section   page    origin      length       input sections
--------  ----  ----------  ----------   ----------------
.intvecs   0    00002800    0000026c     
                  00002800    0000026c     startup_ccs.obj (.intvecs)

.text      0    00002a6c    0000049a     
                  00002a6c    0000016c     driverlib.lib : gpio.obj (.text:GPIOPadConfigSet)
                  00002bd8    00000118                   : sysctl.obj (.text:SysCtlClockGet)
                  00002cf0    00000090     boot_demo1.obj (.text:main)
                  00002d80    00000070     boot_demo1.obj (.text:SetupForUART)
                  00002df0    00000038     driverlib.lib : sysctl.obj (.text:SysCtlPeripheralReady)
                  00002e28    00000034                   : sysctl.obj (.text:SysCtlPeripheralEnable)
                  00002e5c    0000002c                   : gpio.obj (.text:GPIODirModeSet)
                  00002e88    0000002c     rtsv7M4_T_le_v4SPD16_eabi.lib : boot_cortex_m.c.obj (.text:_c_int00_noinit_noargs:_c_int00_noinit_noargs)
                  00002eb4    0000001a     driverlib.lib : gpio.obj (.text:GPIOPinTypeGPIOOutput)
                  00002ece    00000002     startup_ccs.obj (.text:FaultISR)
                  00002ed0    00000018     boot_demo1.obj (.text:JumpToBootLoader)
                  00002ee8    00000006     driverlib.lib : gpio.obj (.text:GPIOPinWrite)
                  00002eee    00000006     startup_ccs.obj (.text:ResetISR)
                  00002ef4    00000006     driverlib.lib : sysctl.obj (.text:SysCtlDelay)
                  00002efa    00000004     rtsv7M4_T_le_v4SPD16_eabi.lib : pre_init.c.obj (.text:_system_pre_init)
                  00002efe    00000004                                   : exit.c.obj (.text:abort:abort)
                  00002f02    00000002     startup_ccs.obj (.text:IntDefaultHandler)
                  00002f04    00000002     startup_ccs.obj (.text:NmiSR)

.const     0    00002f08    0000006c     
                  00002f08    0000006c     driverlib.lib : sysctl.obj (.const:g_pui32Xtals)

.cinit     0    00002800    00000000     UNINITIALIZED

.init_array 
*          0    00002800    00000000     UNINITIALIZED

.stack     0    20000000    00000400     UNINITIALIZED
                  20000000    00000004     rtsv7M4_T_le_v4SPD16_eabi.lib : boot_cortex_m.c.obj (.stack)
                  20000004    000003fc     --HOLE--

__llvm_prf_cnts 
*          0    20000000    00000000     UNINITIALIZED

.binit     0    00002800    00000000     

MODULE SUMMARY

       Module                code   ro data   rw data
       ------                ----   -------   -------
    ./
       startup_ccs.obj       12     620       0      
       boot_demo1.obj        280    0         0      
    +--+---------------------+------+---------+---------+
       Total:                292    620       0      
                                                     
    /home/paduc/Clone/tivaC/TivaWare/driverlib/ccs/Debug/driverlib.lib
       sysctl.obj            394    108       0      
       gpio.obj              440    0         0      
    +--+---------------------+------+---------+---------+
       Total:                834    108       0      
                                                     
    /home/paduc/ti/ccs1020/ccs/tools/compiler/ti-cgt-arm_20.2.2.LTS/lib/rtsv7M4_T_le_v4SPD16_eabi.lib
       boot_cortex_m.c.obj   44     0         0      
       exit.c.obj            4      0         0      
       pre_init.c.obj        4      0         0      
    +--+---------------------+------+---------+---------+
       Total:                52     0         0      
                                                     
       Stack:                0      0         1024   
    +--+---------------------+------+---------+---------+
       Grand Total:          1178   728       1024   


GLOBAL SYMBOLS: SORTED ALPHABETICALLY BY Name 

address   name                   
-------   ----                   
00002eff  C$$EXIT                
00002e5d  GPIODirModeSet         
00002a6d  GPIOPadConfigSet       
00002eb5  GPIOPinTypeGPIOOutput  
00002ee9  GPIOPinWrite           
00002ed1  JumpToBootLoader       
00002eef  ResetISR               
00002d81  SetupForUART           
00002bd9  SysCtlClockGet         
00002ef5  SysCtlDelay            
00002e29  SysCtlPeripheralEnable 
00002df1  SysCtlPeripheralReady  
20000400  __STACK_END            
00000400  __STACK_SIZE           
20000400  __STACK_TOP            
ffffffff  __TI_pprof_out_hndl    
ffffffff  __TI_prof_data_size    
ffffffff  __TI_prof_data_start   
00002800  __TI_static_base__     
ffffffff  __binit__              
ffffffff  __c_args__             
UNDEFED   __mpu_init             
20000000  __stack                
20000000  __start___llvm_prf_cnts
20000000  __stop___llvm_prf_cnts 
00002e89  _c_int00_noinit_noargs 
00002efb  _system_pre_init       
00002eff  abort                  
ffffffff  binit                  
00002800  g_pfnVectors           
00002cf1  main                   


GLOBAL SYMBOLS: SORTED BY Symbol Address 

address   name                   
-------   ----                   
00000400  __STACK_SIZE           
00002800  __TI_static_base__     
00002800  g_pfnVectors           
00002a6d  GPIOPadConfigSet       
00002bd9  SysCtlClockGet         
00002cf1  main                   
00002d81  SetupForUART           
00002df1  SysCtlPeripheralReady  
00002e29  SysCtlPeripheralEnable 
00002e5d  GPIODirModeSet         
00002e89  _c_int00_noinit_noargs 
00002eb5  GPIOPinTypeGPIOOutput  
00002ed1  JumpToBootLoader       
00002ee9  GPIOPinWrite           
00002eef  ResetISR               
00002ef5  SysCtlDelay            
00002efb  _system_pre_init       
00002eff  C$$EXIT                
00002eff  abort                  
20000000  __stack                
20000000  __start___llvm_prf_cnts
20000000  __stop___llvm_prf_cnts 
20000400  __STACK_END            
20000400  __STACK_TOP            
ffffffff  __TI_pprof_out_hndl    
ffffffff  __TI_prof_data_size    
ffffffff  __TI_prof_data_start   
ffffffff  __binit__              
ffffffff  __c_args__             
ffffffff  binit                  
UNDEFED   __mpu_init             

[31 symbols]
